>>> 1>>> Enter: SiriusPHMaintain::readInSetting  Clock: 9
    1  | IDLE_SERVICE_INTERVAL_MINS=30 (siriusphmaintain.cpp:174)
    1  | MIDJOB_PROLOG_NPAGES=0 (siriusphmaintain.cpp:184)
    1  | MIDJOB_EPILOG_NPAGES=0 (siriusphmaintain.cpp:194)
<<< 1<<< Leave: SiriusPHMaintain::readInSetting  Clock: 9  (siriusphmaintain.cpp:217)
>>> 1>>> Enter: SiriusPHMaintain::readInScript  Clock: 9
    1  | script Script\Startup.txt found (siriusphmaintain.cpp:278)
    1  | script Script\Prejob.txt found (siriusphmaintain.cpp:279)
    1  | script Script\Midjob_Prolog.txt found (siriusphmaintain.cpp:280)
    1  | script Script\Midjob_Middle.txt found (siriusphmaintain.cpp:281)
    1  | script Script\Midjob_Epilog.txt found (siriusphmaintain.cpp:282)
    1  | script Script\Postjob.txt found (siriusphmaintain.cpp:283)
    1  | script Script\Idle.txt found (siriusphmaintain.cpp:284)
    1  | script Script\Shutdown.txt found (siriusphmaintain.cpp:285)
    1  | script Script\Prime_New_PH.txt found (siriusphmaintain.cpp:287)
    1  | script Script\Remove_PH.txt found (siriusphmaintain.cpp:288)
    1  | script Script\Light_PH_Recovery.txt found (siriusphmaintain.cpp:289)
    1  | script Script\Heavy_PH_Recovery.txt found (siriusphmaintain.cpp:290)
    1  | script Script\delay.txt found (siriusphmaintain.cpp:292)
    1  | script Script\phprime__STATUS_ONLY.txt found (siriusphmaintain.cpp:293)
    1  | script Script\phunprime__STATUS_ONLY.txt found (siriusphmaintain.cpp:294)
    1  | script Script\phrelease__LATCH_ONLY.txt found (siriusphmaintain.cpp:295)
    1  | script Script\pump.txt found (siriusphmaintain.cpp:296)
    1  | script Script\sumpPump_ISS.txt found (siriusphmaintain.cpp:297)
    1  | script Script\wipe.txt found (siriusphmaintain.cpp:298)
<<< 1<<< Leave: SiriusPHMaintain::readInScript  Clock: 10  (siriusphmaintain.cpp:300)
>>> 1>>> Enter: SiriusPHMaintain::idle  Clock: 8021
    1  | Setup idleServiceTimer, interval = 30min(s) (siriusphmaintain.cpp:732)
<<< 1<<< Leave: SiriusPHMaintain::idle  Clock: 8021  (siriusphmaintain.cpp:738)
>>> 1>>> Enter: SiriusPHMaintain::idle  Clock: 10028
    1  | idleServiceTimer is already running, no need to do anything. (siriusphmaintain.cpp:718)
<<< 1<<< Leave: SiriusPHMaintain::idle  Clock: 10028  (siriusphmaintain.cpp:719)
>>> 1>>> Enter: SiriusPHMaintain::idle  Clock: 12022
    1  | idleServiceTimer is already running, no need to do anything. (siriusphmaintain.cpp:718)
<<< 1<<< Leave: SiriusPHMaintain::idle  Clock: 12022  (siriusphmaintain.cpp:719)
>>> 1>>> Enter: SiriusPHMaintain::idle  Clock: 14023
    1  | idleServiceTimer is already running, no need to do anything. (siriusphmaintain.cpp:718)
<<< 1<<< Leave: SiriusPHMaintain::idle  Clock: 14023  (siriusphmaintain.cpp:719)
>>> 1>>> Enter: SiriusPHMaintain::idle  Clock: 16023
    1  | idleServiceTimer is already running, no need to do anything. (siriusphmaintain.cpp:718)
<<< 1<<< Leave: SiriusPHMaintain::idle  Clock: 16023  (siriusphmaintain.cpp:719)
>>> 1>>> Enter: SiriusPHMaintain::idle  Clock: 18020
    1  | idleServiceTimer is already running, no need to do anything. (siriusphmaintain.cpp:718)
<<< 1<<< Leave: SiriusPHMaintain::idle  Clock: 18020  (siriusphmaintain.cpp:719)
>>> 1>>> Enter: SiriusPHMaintain::idle  Clock: 20021
    1  | idleServiceTimer is already running, no need to do anything. (siriusphmaintain.cpp:718)
<<< 1<<< Leave: SiriusPHMaintain::idle  Clock: 20021  (siriusphmaintain.cpp:719)
>>> 1>>> Enter: SiriusPHMaintain::idle  Clock: 22027
    1  | idleServiceTimer is already running, no need to do anything. (siriusphmaintain.cpp:718)
<<< 1<<< Leave: SiriusPHMaintain::idle  Clock: 22027  (siriusphmaintain.cpp:719)
>>> 1>>> Enter: SiriusPHMaintain::idle  Clock: 24025
    1  | idleServiceTimer is already running, no need to do anything. (siriusphmaintain.cpp:718)
<<< 1<<< Leave: SiriusPHMaintain::idle  Clock: 24025  (siriusphmaintain.cpp:719)
>>> 1>>> Enter: SiriusPHMaintain::idle  Clock: 26022
    1  | idleServiceTimer is already running, no need to do anything. (siriusphmaintain.cpp:718)
<<< 1<<< Leave: SiriusPHMaintain::idle  Clock: 26022  (siriusphmaintain.cpp:719)
>>> 1>>> Enter: SiriusPHMaintain::idle  Clock: 28025
    1  | idleServiceTimer is already running, no need to do anything. (siriusphmaintain.cpp:718)
<<< 1<<< Leave: SiriusPHMaintain::idle  Clock: 28025  (siriusphmaintain.cpp:719)
>>> 1>>> Enter: SiriusPHMaintain::idle  Clock: 30026
    1  | idleServiceTimer is already running, no need to do anything. (siriusphmaintain.cpp:718)
<<< 1<<< Leave: SiriusPHMaintain::idle  Clock: 30026  (siriusphmaintain.cpp:719)
>>> 1>>> Enter: SiriusPHMaintain::idle  Clock: 32021
    1  | idleServiceTimer is already running, no need to do anything. (siriusphmaintain.cpp:718)
<<< 1<<< Leave: SiriusPHMaintain::idle  Clock: 32021  (siriusphmaintain.cpp:719)
>>> 1>>> Enter: SiriusPHMaintain::idle  Clock: 34025
    1  | idleServiceTimer is already running, no need to do anything. (siriusphmaintain.cpp:718)
<<< 1<<< Leave: SiriusPHMaintain::idle  Clock: 34025  (siriusphmaintain.cpp:719)
>>> 1>>> Enter: SiriusPHMaintain::idle  Clock: 36021
    1  | idleServiceTimer is already running, no need to do anything. (siriusphmaintain.cpp:718)
<<< 1<<< Leave: SiriusPHMaintain::idle  Clock: 36021  (siriusphmaintain.cpp:719)
>>> 1>>> Enter: SiriusPHMaintain::idle  Clock: 38020
    1  | idleServiceTimer is already running, no need to do anything. (siriusphmaintain.cpp:718)
<<< 1<<< Leave: SiriusPHMaintain::idle  Clock: 38020  (siriusphmaintain.cpp:719)
>>> 1>>> Enter: SiriusPHMaintain::idleSubroutine  Clock: 38020
<<< 1<<< Leave: SiriusPHMaintain::idleSubroutine  Clock: 38020  (siriusphmaintain.cpp:799)
>>> 1>>> Enter: SiriusPHMaintain::idle  Clock: 40024
    1  | idleServiceTimer is already running, no need to do anything. (siriusphmaintain.cpp:718)
<<< 1<<< Leave: SiriusPHMaintain::idle  Clock: 40024  (siriusphmaintain.cpp:719)
>>> 1>>> Enter: SiriusPHMaintain::idle  Clock: 42024
    1  | idleServiceTimer is already running, no need to do anything. (siriusphmaintain.cpp:718)
<<< 1<<< Leave: SiriusPHMaintain::idle  Clock: 42024  (siriusphmaintain.cpp:719)
>>> 1>>> Enter: SiriusPHMaintain::idle  Clock: 44020
    1  | idleServiceTimer is already running, no need to do anything. (siriusphmaintain.cpp:718)
<<< 1<<< Leave: SiriusPHMaintain::idle  Clock: 44020  (siriusphmaintain.cpp:719)
>>> 1>>> Enter: SiriusPHMaintain::idle  Clock: 46022
    1  | idleServiceTimer is already running, no need to do anything. (siriusphmaintain.cpp:718)
<<< 1<<< Leave: SiriusPHMaintain::idle  Clock: 46022  (siriusphmaintain.cpp:719)
>>> 1>>> Enter: SiriusPHMaintain::idle  Clock: 48020
    1  | idleServiceTimer is already running, no need to do anything. (siriusphmaintain.cpp:718)
<<< 1<<< Leave: SiriusPHMaintain::idle  Clock: 48020  (siriusphmaintain.cpp:719)
>>> 1>>> Enter: SiriusPHMaintain::idle  Clock: 50021
    1  | idleServiceTimer is already running, no need to do anything. (siriusphmaintain.cpp:718)
<<< 1<<< Leave: SiriusPHMaintain::idle  Clock: 50021  (siriusphmaintain.cpp:719)
>>> 1>>> Enter: SiriusPHMaintain::idle  Clock: 52025
    1  | idleServiceTimer is already running, no need to do anything. (siriusphmaintain.cpp:718)
<<< 1<<< Leave: SiriusPHMaintain::idle  Clock: 52025  (siriusphmaintain.cpp:719)
>>> 1>>> Enter: SiriusPHMaintain::idle  Clock: 54022
    1  | idleServiceTimer is already running, no need to do anything. (siriusphmaintain.cpp:718)
<<< 1<<< Leave: SiriusPHMaintain::idle  Clock: 54022  (siriusphmaintain.cpp:719)
>>> 1>>> Enter: SiriusPHMaintain::idle  Clock: 56022
    1  | idleServiceTimer is already running, no need to do anything. (siriusphmaintain.cpp:718)
<<< 1<<< Leave: SiriusPHMaintain::idle  Clock: 56022  (siriusphmaintain.cpp:719)
>>> 1>>> Enter: SiriusPHMaintain::idle  Clock: 58026
    1  | idleServiceTimer is already running, no need to do anything. (siriusphmaintain.cpp:718)
<<< 1<<< Leave: SiriusPHMaintain::idle  Clock: 58026  (siriusphmaintain.cpp:719)
>>> 1>>> Enter: SiriusPHMaintain::idle  Clock: 60023
    1  | idleServiceTimer is already running, no need to do anything. (siriusphmaintain.cpp:718)
<<< 1<<< Leave: SiriusPHMaintain::idle  Clock: 60023  (siriusphmaintain.cpp:719)
>>> 1>>> Enter: SiriusPHMaintain::idle  Clock: 62019
    1  | idleServiceTimer is already running, no need to do anything. (siriusphmaintain.cpp:718)
<<< 1<<< Leave: SiriusPHMaintain::idle  Clock: 62019  (siriusphmaintain.cpp:719)
>>> 1>>> Enter: SiriusPHMaintain::idle  Clock: 64022
    1  | idleServiceTimer is already running, no need to do anything. (siriusphmaintain.cpp:718)
<<< 1<<< Leave: SiriusPHMaintain::idle  Clock: 64022  (siriusphmaintain.cpp:719)
>>> 1>>> Enter: SiriusPHMaintain::idle  Clock: 66020
    1  | idleServiceTimer is already running, no need to do anything. (siriusphmaintain.cpp:718)
<<< 1<<< Leave: SiriusPHMaintain::idle  Clock: 66020  (siriusphmaintain.cpp:719)
>>> 1>>> Enter: SiriusPHMaintain::idle  Clock: 68021
    1  | idleServiceTimer is already running, no need to do anything. (siriusphmaintain.cpp:718)
<<< 1<<< Leave: SiriusPHMaintain::idle  Clock: 68021  (siriusphmaintain.cpp:719)
>>> 1>>> Enter: SiriusPHMaintain::idleSubroutine  Clock: 68021
<<< 1<<< Leave: SiriusPHMaintain::idleSubroutine  Clock: 68021  (siriusphmaintain.cpp:799)
>>> 1>>> Enter: SiriusPHMaintain::idle  Clock: 70022
    1  | idleServiceTimer is already running, no need to do anything. (siriusphmaintain.cpp:718)
<<< 1<<< Leave: SiriusPHMaintain::idle  Clock: 70022  (siriusphmaintain.cpp:719)
>>> 1>>> Enter: SiriusPHMaintain::idle  Clock: 72020
    1  | idleServiceTimer is already running, no need to do anything. (siriusphmaintain.cpp:718)
<<< 1<<< Leave: SiriusPHMaintain::idle  Clock: 72020  (siriusphmaintain.cpp:719)
>>> 1>>> Enter: SiriusPHMaintain::idle  Clock: 74020
    1  | idleServiceTimer is already running, no need to do anything. (siriusphmaintain.cpp:718)
<<< 1<<< Leave: SiriusPHMaintain::idle  Clock: 74020  (siriusphmaintain.cpp:719)
>>> 1>>> Enter: SiriusPHMaintain::idle  Clock: 76025
    1  | idleServiceTimer is already running, no need to do anything. (siriusphmaintain.cpp:718)
<<< 1<<< Leave: SiriusPHMaintain::idle  Clock: 76025  (siriusphmaintain.cpp:719)
>>> 1>>> Enter: SiriusPHMaintain::idle  Clock: 78020
    1  | idleServiceTimer is already running, no need to do anything. (siriusphmaintain.cpp:718)
<<< 1<<< Leave: SiriusPHMaintain::idle  Clock: 78020  (siriusphmaintain.cpp:719)
>>> 1>>> Enter: SiriusPHMaintain::idle  Clock: 80020
    1  | idleServiceTimer is already running, no need to do anything. (siriusphmaintain.cpp:718)
<<< 1<<< Leave: SiriusPHMaintain::idle  Clock: 80020  (siriusphmaintain.cpp:719)
>>> 1>>> Enter: SiriusPHMaintain::idle  Clock: 82024
    1  | idleServiceTimer is already running, no need to do anything. (siriusphmaintain.cpp:718)
<<< 1<<< Leave: SiriusPHMaintain::idle  Clock: 82024  (siriusphmaintain.cpp:719)
>>> 1>>> Enter: SiriusPHMaintain::idle  Clock: 84025
    1  | idleServiceTimer is already running, no need to do anything. (siriusphmaintain.cpp:718)
<<< 1<<< Leave: SiriusPHMaintain::idle  Clock: 84025  (siriusphmaintain.cpp:719)
>>> 1>>> Enter: SiriusPHMaintain::idle  Clock: 86022
    1  | idleServiceTimer is already running, no need to do anything. (siriusphmaintain.cpp:718)
<<< 1<<< Leave: SiriusPHMaintain::idle  Clock: 86022  (siriusphmaintain.cpp:719)
>>> 1>>> Enter: SiriusPHMaintain::idle  Clock: 88021
    1  | idleServiceTimer is already running, no need to do anything. (siriusphmaintain.cpp:718)
<<< 1<<< Leave: SiriusPHMaintain::idle  Clock: 88021  (siriusphmaintain.cpp:719)
>>> 1>>> Enter: SiriusPHMaintain::idle  Clock: 90024
    1  | idleServiceTimer is already running, no need to do anything. (siriusphmaintain.cpp:718)
<<< 1<<< Leave: SiriusPHMaintain::idle  Clock: 90024  (siriusphmaintain.cpp:719)
>>> 1>>> Enter: SiriusPHMaintain::idle  Clock: 92023
    1  | idleServiceTimer is already running, no need to do anything. (siriusphmaintain.cpp:718)
<<< 1<<< Leave: SiriusPHMaintain::idle  Clock: 92023  (siriusphmaintain.cpp:719)
>>> 1>>> Enter: SiriusPHMaintain::idle  Clock: 94019
    1  | idleServiceTimer is already running, no need to do anything. (siriusphmaintain.cpp:718)
<<< 1<<< Leave: SiriusPHMaintain::idle  Clock: 94019  (siriusphmaintain.cpp:719)
>>> 1>>> Enter: SiriusPHMaintain::idle  Clock: 96023
    1  | idleServiceTimer is already running, no need to do anything. (siriusphmaintain.cpp:718)
<<< 1<<< Leave: SiriusPHMaintain::idle  Clock: 96023  (siriusphmaintain.cpp:719)
>>> 1>>> Enter: SiriusPHMaintain::idle  Clock: 98023
    1  | idleServiceTimer is already running, no need to do anything. (siriusphmaintain.cpp:718)
<<< 1<<< Leave: SiriusPHMaintain::idle  Clock: 98023  (siriusphmaintain.cpp:719)
>>> 1>>> Enter: SiriusPHMaintain::idleSubroutine  Clock: 98023
<<< 1<<< Leave: SiriusPHMaintain::idleSubroutine  Clock: 98023  (siriusphmaintain.cpp:799)
>>> 1>>> Enter: SiriusPHMaintain::idle  Clock: 100023
    1  | idleServiceTimer is already running, no need to do anything. (siriusphmaintain.cpp:718)
<<< 1<<< Leave: SiriusPHMaintain::idle  Clock: 100023  (siriusphmaintain.cpp:719)
>>> 1>>> Enter: SiriusPHMaintain::printingBegin  Clock: 106488
    1  | idleServiceTimer found, delete it. (siriusphmaintain.cpp:816)
    1  | Set Midjob setting first (siriusphmaintain.cpp:830)
!   1  | MIDJOB_PROLOG_NPAGES <= 0 Use Midjob.txt instead (siriusphmaintain.cpp:849)
>>> 2>>> Enter: SiriusPHMaintain::setMidjob  Clock: 106488
    2  | Set _errcode=_NoError (siriusphmaintain.cpp:402)
    2  | Setting of midjob is sent (siriusphmaintain.cpp:408)
<<< 2<<< Leave: SiriusPHMaintain::setMidjob Return:true Clock: 106489  (siriusphmaintain.cpp:409)
    1  | Set Midjob.txt successfully (siriusphmaintain.cpp:854)
    1  | Send Prejob script (siriusphmaintain.cpp:864)
    1  | Let pstrScript point to scicmdPrejob (siriusphmaintain.cpp:871)
>>> 2>>> Enter: SiriusPHMaintain::waitAndRun  Clock: 106489
    2  | Step 0 (siriusphmaintain.cpp:444)
    2  | Set _busy=true _errcode=_NoError (siriusphmaintain.cpp:454)
<<< 2<<< Leave: SiriusPHMaintain::waitAndRun  Clock: 106491  (siriusphmaintain.cpp:509)
<<< 1<<< Leave: SiriusPHMaintain::printingBegin  Clock: 106491  (siriusphmaintain.cpp:879)
>>> 1>>> Enter: SiriusPHMaintain::waitAndRun  Clock: 108988
    1  | Step 1 (siriusphmaintain.cpp:525)
    1  | The script sent (siriusphmaintain.cpp:546)
<<< 1<<< Leave: SiriusPHMaintain::waitAndRun  Clock: 108989  (siriusphmaintain.cpp:549)
>>> 1>>> Enter: SiriusPHMaintain::waitAndRun  Clock: 109739
    1  | Step 2 (siriusphmaintain.cpp:554)
    1  | Keep waiting Maint done (siriusphmaintain.cpp:560)
<<< 1<<< Leave: SiriusPHMaintain::waitAndRun  Clock: 109739  (siriusphmaintain.cpp:562)
>>> 1>>> Enter: SiriusPHMaintain::waitAndRun  Clock: 109990
    1  | Step 2 (siriusphmaintain.cpp:554)
    1  | Keep waiting Maint done (siriusphmaintain.cpp:560)
<<< 1<<< Leave: SiriusPHMaintain::waitAndRun  Clock: 109991  (siriusphmaintain.cpp:562)
>>> 1>>> Enter: SiriusPHMaintain::waitAndRun  Clock: 110241
    1  | Step 2 (siriusphmaintain.cpp:554)
    1  | Keep waiting Maint done (siriusphmaintain.cpp:560)
<<< 1<<< Leave: SiriusPHMaintain::waitAndRun  Clock: 110241  (siriusphmaintain.cpp:562)
>>> 1>>> Enter: SiriusPHMaintain::waitAndRun  Clock: 110491
    1  | Step 2 (siriusphmaintain.cpp:554)
    1  | Keep waiting Maint done (siriusphmaintain.cpp:560)
<<< 1<<< Leave: SiriusPHMaintain::waitAndRun  Clock: 110491  (siriusphmaintain.cpp:562)
>>> 1>>> Enter: SiriusPHMaintain::waitAndRun  Clock: 110741
    1  | Step 2 (siriusphmaintain.cpp:554)
    1  | Keep waiting Maint done (siriusphmaintain.cpp:560)
<<< 1<<< Leave: SiriusPHMaintain::waitAndRun  Clock: 110741  (siriusphmaintain.cpp:562)
>>> 1>>> Enter: SiriusPHMaintain::waitAndRun  Clock: 110991
    1  | Step 2 (siriusphmaintain.cpp:554)
    1  | Keep waiting Maint done (siriusphmaintain.cpp:560)
<<< 1<<< Leave: SiriusPHMaintain::waitAndRun  Clock: 110991  (siriusphmaintain.cpp:562)
>>> 1>>> Enter: SiriusPHMaintain::waitAndRun  Clock: 111241
    1  | Step 2 (siriusphmaintain.cpp:554)
    1  | Keep waiting Maint done (siriusphmaintain.cpp:560)
<<< 1<<< Leave: SiriusPHMaintain::waitAndRun  Clock: 111241  (siriusphmaintain.cpp:562)
>>> 1>>> Enter: SiriusPHMaintain::waitAndRun  Clock: 111492
    1  | Step 2 (siriusphmaintain.cpp:554)
    1  | Keep waiting Maint done (siriusphmaintain.cpp:560)
<<< 1<<< Leave: SiriusPHMaintain::waitAndRun  Clock: 111492  (siriusphmaintain.cpp:562)
>>> 1>>> Enter: SiriusPHMaintain::waitAndRun  Clock: 111742
    1  | Step 2 (siriusphmaintain.cpp:554)
    1  | Keep waiting Maint done (siriusphmaintain.cpp:560)
<<< 1<<< Leave: SiriusPHMaintain::waitAndRun  Clock: 111742  (siriusphmaintain.cpp:562)
>>> 1>>> Enter: SiriusPHMaintain::waitAndRun  Clock: 111992
    1  | Step 2 (siriusphmaintain.cpp:554)
    1  | Keep waiting Maint done (siriusphmaintain.cpp:560)
<<< 1<<< Leave: SiriusPHMaintain::waitAndRun  Clock: 111992  (siriusphmaintain.cpp:562)
>>> 1>>> Enter: SiriusPHMaintain::waitAndRun  Clock: 112242
    1  | Step 2 (siriusphmaintain.cpp:554)
    1  | Keep waiting Maint done (siriusphmaintain.cpp:560)
<<< 1<<< Leave: SiriusPHMaintain::waitAndRun  Clock: 112242  (siriusphmaintain.cpp:562)
>>> 1>>> Enter: SiriusPHMaintain::waitAndRun  Clock: 112492
    1  | Step 2 (siriusphmaintain.cpp:554)
    1  | Keep waiting Maint done (siriusphmaintain.cpp:560)
<<< 1<<< Leave: SiriusPHMaintain::waitAndRun  Clock: 112492  (siriusphmaintain.cpp:562)
>>> 1>>> Enter: SiriusPHMaintain::waitAndRun  Clock: 112743
    1  | Step 2 (siriusphmaintain.cpp:554)
    1  | Keep waiting Maint done (siriusphmaintain.cpp:560)
<<< 1<<< Leave: SiriusPHMaintain::waitAndRun  Clock: 112743  (siriusphmaintain.cpp:562)
>>> 1>>> Enter: SiriusPHMaintain::waitAndRun  Clock: 112993
    1  | Step 2 (siriusphmaintain.cpp:554)
    1  | Keep waiting Maint done (siriusphmaintain.cpp:560)
<<< 1<<< Leave: SiriusPHMaintain::waitAndRun  Clock: 112993  (siriusphmaintain.cpp:562)
>>> 1>>> Enter: SiriusPHMaintain::waitAndRun  Clock: 113243
    1  | Step 2 (siriusphmaintain.cpp:554)
    1  | Keep waiting Maint done (siriusphmaintain.cpp:560)
<<< 1<<< Leave: SiriusPHMaintain::waitAndRun  Clock: 113243  (siriusphmaintain.cpp:562)
>>> 1>>> Enter: SiriusPHMaintain::waitAndRun  Clock: 113493
    1  | Step 2 (siriusphmaintain.cpp:554)
    1  | Keep waiting Maint done (siriusphmaintain.cpp:560)
<<< 1<<< Leave: SiriusPHMaintain::waitAndRun  Clock: 113493  (siriusphmaintain.cpp:562)
>>> 1>>> Enter: SiriusPHMaintain::waitAndRun  Clock: 113743
    1  | Step 2 (siriusphmaintain.cpp:554)
    1  | Keep waiting Maint done (siriusphmaintain.cpp:560)
<<< 1<<< Leave: SiriusPHMaintain::waitAndRun  Clock: 113743  (siriusphmaintain.cpp:562)
>>> 1>>> Enter: SiriusPHMaintain::waitAndRun  Clock: 113993
    1  | Step 2 (siriusphmaintain.cpp:554)
    1  | Keep waiting Maint done (siriusphmaintain.cpp:560)
<<< 1<<< Leave: SiriusPHMaintain::waitAndRun  Clock: 113993  (siriusphmaintain.cpp:562)
>>> 1>>> Enter: SiriusPHMaintain::waitAndRun  Clock: 114244
    1  | Step 2 (siriusphmaintain.cpp:554)
    1  | Keep waiting Maint done (siriusphmaintain.cpp:560)
<<< 1<<< Leave: SiriusPHMaintain::waitAndRun  Clock: 114244  (siriusphmaintain.cpp:562)
>>> 1>>> Enter: SiriusPHMaintain::waitAndRun  Clock: 114494
    1  | Step 2 (siriusphmaintain.cpp:554)
    1  | Keep waiting Maint done (siriusphmaintain.cpp:560)
<<< 1<<< Leave: SiriusPHMaintain::waitAndRun  Clock: 114494  (siriusphmaintain.cpp:562)
>>> 1>>> Enter: SiriusPHMaintain::waitAndRun  Clock: 114744
    1  | Step 2 (siriusphmaintain.cpp:554)
    1  | Keep waiting Maint done (siriusphmaintain.cpp:560)
<<< 1<<< Leave: SiriusPHMaintain::waitAndRun  Clock: 114744  (siriusphmaintain.cpp:562)
>>> 1>>> Enter: SiriusPHMaintain::waitAndRun  Clock: 114994
    1  | Step 2 (siriusphmaintain.cpp:554)
    1  | Keep waiting Maint done (siriusphmaintain.cpp:560)
<<< 1<<< Leave: SiriusPHMaintain::waitAndRun  Clock: 114994  (siriusphmaintain.cpp:562)
>>> 1>>> Enter: SiriusPHMaintain::waitAndRun  Clock: 115244
    1  | Step 2 (siriusphmaintain.cpp:554)
    1  | Keep waiting Maint done (siriusphmaintain.cpp:560)
<<< 1<<< Leave: SiriusPHMaintain::waitAndRun  Clock: 115244  (siriusphmaintain.cpp:562)
>>> 1>>> Enter: SiriusPHMaintain::waitAndRun  Clock: 115495
    1  | Step 2 (siriusphmaintain.cpp:554)
    1  | Keep waiting Maint done (siriusphmaintain.cpp:560)
<<< 1<<< Leave: SiriusPHMaintain::waitAndRun  Clock: 115495  (siriusphmaintain.cpp:562)
>>> 1>>> Enter: SiriusPHMaintain::waitAndRun  Clock: 115745
    1  | Step 2 (siriusphmaintain.cpp:554)
    1  | Keep waiting Maint done (siriusphmaintain.cpp:560)
<<< 1<<< Leave: SiriusPHMaintain::waitAndRun  Clock: 115745  (siriusphmaintain.cpp:562)
>>> 1>>> Enter: SiriusPHMaintain::waitAndRun  Clock: 115995
    1  | Step 2 (siriusphmaintain.cpp:554)
    1  | Keep waiting Maint done (siriusphmaintain.cpp:560)
<<< 1<<< Leave: SiriusPHMaintain::waitAndRun  Clock: 115995  (siriusphmaintain.cpp:562)
>>> 1>>> Enter: SiriusPHMaintain::waitAndRun  Clock: 116245
    1  | Step 2 (siriusphmaintain.cpp:554)
    1  | Keep waiting Maint done (siriusphmaintain.cpp:560)
<<< 1<<< Leave: SiriusPHMaintain::waitAndRun  Clock: 116245  (siriusphmaintain.cpp:562)
>>> 1>>> Enter: SiriusPHMaintain::waitAndRun  Clock: 116495
    1  | Step 2 (siriusphmaintain.cpp:554)
    1  | Keep waiting Maint done (siriusphmaintain.cpp:560)
<<< 1<<< Leave: SiriusPHMaintain::waitAndRun  Clock: 116495  (siriusphmaintain.cpp:562)
>>> 1>>> Enter: SiriusPHMaintain::waitAndRun  Clock: 116745
    1  | Step 2 (siriusphmaintain.cpp:554)
    1  | Keep waiting Maint done (siriusphmaintain.cpp:560)
<<< 1<<< Leave: SiriusPHMaintain::waitAndRun  Clock: 116745  (siriusphmaintain.cpp:562)
>>> 1>>> Enter: SiriusPHMaintain::waitAndRun  Clock: 116996
    1  | Step 2 (siriusphmaintain.cpp:554)
    1  | Keep waiting Maint done (siriusphmaintain.cpp:560)
<<< 1<<< Leave: SiriusPHMaintain::waitAndRun  Clock: 116996  (siriusphmaintain.cpp:562)
>>> 1>>> Enter: SiriusPHMaintain::waitAndRun  Clock: 117246
    1  | Step 2 (siriusphmaintain.cpp:554)
    1  | Keep waiting Maint done (siriusphmaintain.cpp:560)
<<< 1<<< Leave: SiriusPHMaintain::waitAndRun  Clock: 117246  (siriusphmaintain.cpp:562)
>>> 1>>> Enter: SiriusPHMaintain::waitAndRun  Clock: 117496
    1  | Step 2 (siriusphmaintain.cpp:554)
    1  | Keep waiting Maint done (siriusphmaintain.cpp:560)
<<< 1<<< Leave: SiriusPHMaintain::waitAndRun  Clock: 117497  (siriusphmaintain.cpp:562)
>>> 1>>> Enter: SiriusPHMaintain::waitAndRun  Clock: 117747
    1  | Step 2 (siriusphmaintain.cpp:554)
    1  | Keep waiting Maint done (siriusphmaintain.cpp:560)
<<< 1<<< Leave: SiriusPHMaintain::waitAndRun  Clock: 117747  (siriusphmaintain.cpp:562)
>>> 1>>> Enter: SiriusPHMaintain::waitAndRun  Clock: 117997
    1  | Step 2 (siriusphmaintain.cpp:554)
    1  | Keep waiting Maint done (siriusphmaintain.cpp:560)
<<< 1<<< Leave: SiriusPHMaintain::waitAndRun  Clock: 117997  (siriusphmaintain.cpp:562)
>>> 1>>> Enter: SiriusPHMaintain::waitAndRun  Clock: 118247
    1  | Step 2 (siriusphmaintain.cpp:554)
    1  | Keep waiting Maint done (siriusphmaintain.cpp:560)
<<< 1<<< Leave: SiriusPHMaintain::waitAndRun  Clock: 118248  (siriusphmaintain.cpp:562)
>>> 1>>> Enter: SiriusPHMaintain::waitAndRun  Clock: 118499
    1  | Step 2 (siriusphmaintain.cpp:554)
    1  | Keep waiting Maint done (siriusphmaintain.cpp:560)
<<< 1<<< Leave: SiriusPHMaintain::waitAndRun  Clock: 118499  (siriusphmaintain.cpp:562)
>>> 1>>> Enter: SiriusPHMaintain::waitAndRun  Clock: 118749
    1  | Step 2 (siriusphmaintain.cpp:554)
    1  | Keep waiting Maint done (siriusphmaintain.cpp:560)
<<< 1<<< Leave: SiriusPHMaintain::waitAndRun  Clock: 118750  (siriusphmaintain.cpp:562)
>>> 1>>> Enter: SiriusPHMaintain::waitAndRun  Clock: 119000
    1  | Step 2 (siriusphmaintain.cpp:554)
    1  | Keep waiting Maint done (siriusphmaintain.cpp:560)
<<< 1<<< Leave: SiriusPHMaintain::waitAndRun  Clock: 119000  (siriusphmaintain.cpp:562)
>>> 1>>> Enter: SiriusPHMaintain::waitAndRun  Clock: 119250
    1  | Step 2 (siriusphmaintain.cpp:554)
    1  | Keep waiting Maint done (siriusphmaintain.cpp:560)
<<< 1<<< Leave: SiriusPHMaintain::waitAndRun  Clock: 119250  (siriusphmaintain.cpp:562)
>>> 1>>> Enter: SiriusPHMaintain::waitAndRun  Clock: 119500
    1  | Step 2 (siriusphmaintain.cpp:554)
    1  | Keep waiting Maint done (siriusphmaintain.cpp:560)
<<< 1<<< Leave: SiriusPHMaintain::waitAndRun  Clock: 119500  (siriusphmaintain.cpp:562)
>>> 1>>> Enter: SiriusPHMaintain::waitAndRun  Clock: 119751
    1  | Step 2 (siriusphmaintain.cpp:554)
    1  | Keep waiting Maint done (siriusphmaintain.cpp:560)
<<< 1<<< Leave: SiriusPHMaintain::waitAndRun  Clock: 119751  (siriusphmaintain.cpp:562)
>>> 1>>> Enter: SiriusPHMaintain::waitAndRun  Clock: 120001
    1  | Step 2 (siriusphmaintain.cpp:554)
    1  | Keep waiting Maint done (siriusphmaintain.cpp:560)
<<< 1<<< Leave: SiriusPHMaintain::waitAndRun  Clock: 120001  (siriusphmaintain.cpp:562)
>>> 1>>> Enter: SiriusPHMaintain::waitAndRun  Clock: 120251
    1  | Step 2 (siriusphmaintain.cpp:554)
    1  | Keep waiting Maint done (siriusphmaintain.cpp:560)
<<< 1<<< Leave: SiriusPHMaintain::waitAndRun  Clock: 120252  (siriusphmaintain.cpp:562)
>>> 1>>> Enter: SiriusPHMaintain::waitAndRun  Clock: 120502
    1  | Step 2 (siriusphmaintain.cpp:554)
    1  | Keep waiting Maint done (siriusphmaintain.cpp:560)
<<< 1<<< Leave: SiriusPHMaintain::waitAndRun  Clock: 120502  (siriusphmaintain.cpp:562)
>>> 1>>> Enter: SiriusPHMaintain::waitAndRun  Clock: 120752
    1  | Step 2 (siriusphmaintain.cpp:554)
    1  | Keep waiting Maint done (siriusphmaintain.cpp:560)
<<< 1<<< Leave: SiriusPHMaintain::waitAndRun  Clock: 120752  (siriusphmaintain.cpp:562)
>>> 1>>> Enter: SiriusPHMaintain::waitAndRun  Clock: 121002
    1  | Step 2 (siriusphmaintain.cpp:554)
    1  | Keep waiting Maint done (siriusphmaintain.cpp:560)
<<< 1<<< Leave: SiriusPHMaintain::waitAndRun  Clock: 121002  (siriusphmaintain.cpp:562)
>>> 1>>> Enter: SiriusPHMaintain::waitAndRun  Clock: 121253
    1  | Step 2 (siriusphmaintain.cpp:554)
    1  | Keep waiting Maint done (siriusphmaintain.cpp:560)
<<< 1<<< Leave: SiriusPHMaintain::waitAndRun  Clock: 121254  (siriusphmaintain.cpp:562)
>>> 1>>> Enter: SiriusPHMaintain::waitAndRun  Clock: 121505
    1  | Step 2 (siriusphmaintain.cpp:554)
    1  | Keep waiting Maint done (siriusphmaintain.cpp:560)
<<< 1<<< Leave: SiriusPHMaintain::waitAndRun  Clock: 121505  (siriusphmaintain.cpp:562)
>>> 1>>> Enter: SiriusPHMaintain::waitAndRun  Clock: 121756
    1  | Step 2 (siriusphmaintain.cpp:554)
    1  | Keep waiting Maint done (siriusphmaintain.cpp:560)
<<< 1<<< Leave: SiriusPHMaintain::waitAndRun  Clock: 121756  (siriusphmaintain.cpp:562)
>>> 1>>> Enter: SiriusPHMaintain::waitAndRun  Clock: 122006
    1  | Step 2 (siriusphmaintain.cpp:554)
    1  | Keep waiting Maint done (siriusphmaintain.cpp:560)
<<< 1<<< Leave: SiriusPHMaintain::waitAndRun  Clock: 122006  (siriusphmaintain.cpp:562)
>>> 1>>> Enter: SiriusPHMaintain::waitAndRun  Clock: 122256
    1  | Step 2 (siriusphmaintain.cpp:554)
    1  | Keep waiting Maint done (siriusphmaintain.cpp:560)
<<< 1<<< Leave: SiriusPHMaintain::waitAndRun  Clock: 122256  (siriusphmaintain.cpp:562)
>>> 1>>> Enter: SiriusPHMaintain::waitAndRun  Clock: 122506
    1  | Step 2 (siriusphmaintain.cpp:554)
    1  | Keep waiting Maint done (siriusphmaintain.cpp:560)
<<< 1<<< Leave: SiriusPHMaintain::waitAndRun  Clock: 122506  (siriusphmaintain.cpp:562)
>>> 1>>> Enter: SiriusPHMaintain::waitAndRun  Clock: 122757
    1  | Step 2 (siriusphmaintain.cpp:554)
    1  | Keep waiting Maint done (siriusphmaintain.cpp:560)
<<< 1<<< Leave: SiriusPHMaintain::waitAndRun  Clock: 122757  (siriusphmaintain.cpp:562)
>>> 1>>> Enter: SiriusPHMaintain::waitAndRun  Clock: 123007
    1  | Step 2 (siriusphmaintain.cpp:554)
    1  | Keep waiting Maint done (siriusphmaintain.cpp:560)
<<< 1<<< Leave: SiriusPHMaintain::waitAndRun  Clock: 123007  (siriusphmaintain.cpp:562)
>>> 1>>> Enter: SiriusPHMaintain::waitAndRun  Clock: 123257
    1  | Step 2 (siriusphmaintain.cpp:554)
    1  | Keep waiting Maint done (siriusphmaintain.cpp:560)
<<< 1<<< Leave: SiriusPHMaintain::waitAndRun  Clock: 123257  (siriusphmaintain.cpp:562)
>>> 1>>> Enter: SiriusPHMaintain::waitAndRun  Clock: 123507
    1  | Step 2 (siriusphmaintain.cpp:554)
    1  | Keep waiting Maint done (siriusphmaintain.cpp:560)
<<< 1<<< Leave: SiriusPHMaintain::waitAndRun  Clock: 123507  (siriusphmaintain.cpp:562)
>>> 1>>> Enter: SiriusPHMaintain::waitAndRun  Clock: 123757
    1  | Step 2 (siriusphmaintain.cpp:554)
    1  | Keep waiting Maint done (siriusphmaintain.cpp:560)
<<< 1<<< Leave: SiriusPHMaintain::waitAndRun  Clock: 123757  (siriusphmaintain.cpp:562)
>>> 1>>> Enter: SiriusPHMaintain::waitAndRun  Clock: 124008
    1  | Step 2 (siriusphmaintain.cpp:554)
    1  | Keep waiting Maint done (siriusphmaintain.cpp:560)
<<< 1<<< Leave: SiriusPHMaintain::waitAndRun  Clock: 124008  (siriusphmaintain.cpp:562)
>>> 1>>> Enter: SiriusPHMaintain::waitAndRun  Clock: 124258
    1  | Step 2 (siriusphmaintain.cpp:554)
    1  | Keep waiting Maint done (siriusphmaintain.cpp:560)
<<< 1<<< Leave: SiriusPHMaintain::waitAndRun  Clock: 124258  (siriusphmaintain.cpp:562)
>>> 1>>> Enter: SiriusPHMaintain::waitAndRun  Clock: 124508
    1  | Step 2 (siriusphmaintain.cpp:554)
    1  | Keep waiting Maint done (siriusphmaintain.cpp:560)
<<< 1<<< Leave: SiriusPHMaintain::waitAndRun  Clock: 124508  (siriusphmaintain.cpp:562)
>>> 1>>> Enter: SiriusPHMaintain::waitAndRun  Clock: 124758
    1  | Step 2 (siriusphmaintain.cpp:554)
    1  | Keep waiting Maint done (siriusphmaintain.cpp:560)
<<< 1<<< Leave: SiriusPHMaintain::waitAndRun  Clock: 124758  (siriusphmaintain.cpp:562)
>>> 1>>> Enter: SiriusPHMaintain::waitAndRun  Clock: 125008
    1  | Step 2 (siriusphmaintain.cpp:554)
    1  | Keep waiting Maint done (siriusphmaintain.cpp:560)
<<< 1<<< Leave: SiriusPHMaintain::waitAndRun  Clock: 125008  (siriusphmaintain.cpp:562)
>>> 1>>> Enter: SiriusPHMaintain::waitAndRun  Clock: 125258
    1  | Step 2 (siriusphmaintain.cpp:554)
    1  | Keep waiting Maint done (siriusphmaintain.cpp:560)
<<< 1<<< Leave: SiriusPHMaintain::waitAndRun  Clock: 125258  (siriusphmaintain.cpp:562)
>>> 1>>> Enter: SiriusPHMaintain::waitAndRun  Clock: 125509
    1  | Step 2 (siriusphmaintain.cpp:554)
    1  | Keep waiting Maint done (siriusphmaintain.cpp:560)
<<< 1<<< Leave: SiriusPHMaintain::waitAndRun  Clock: 125509  (siriusphmaintain.cpp:562)
>>> 1>>> Enter: SiriusPHMaintain::waitAndRun  Clock: 125759
    1  | Step 2 (siriusphmaintain.cpp:554)
    1  | Keep waiting Maint done (siriusphmaintain.cpp:560)
<<< 1<<< Leave: SiriusPHMaintain::waitAndRun  Clock: 125760  (siriusphmaintain.cpp:562)
>>> 1>>> Enter: SiriusPHMaintain::waitAndRun  Clock: 126010
    1  | Step 2 (siriusphmaintain.cpp:554)
    1  | Keep waiting Maint done (siriusphmaintain.cpp:560)
<<< 1<<< Leave: SiriusPHMaintain::waitAndRun  Clock: 126010  (siriusphmaintain.cpp:562)
>>> 1>>> Enter: SiriusPHMaintain::waitAndRun  Clock: 126260
    1  | Step 2 (siriusphmaintain.cpp:554)
    1  | Keep waiting Maint done (siriusphmaintain.cpp:560)
<<< 1<<< Leave: SiriusPHMaintain::waitAndRun  Clock: 126260  (siriusphmaintain.cpp:562)
>>> 1>>> Enter: SiriusPHMaintain::waitAndRun  Clock: 126510
    1  | Step 2 (siriusphmaintain.cpp:554)
    1  | Keep waiting Maint done (siriusphmaintain.cpp:560)
<<< 1<<< Leave: SiriusPHMaintain::waitAndRun  Clock: 126510  (siriusphmaintain.cpp:562)
>>> 1>>> Enter: SiriusPHMaintain::waitAndRun  Clock: 126761
    1  | Step 2 (siriusphmaintain.cpp:554)
    1  | Keep waiting Maint done (siriusphmaintain.cpp:560)
<<< 1<<< Leave: SiriusPHMaintain::waitAndRun  Clock: 126761  (siriusphmaintain.cpp:562)
>>> 1>>> Enter: SiriusPHMaintain::waitAndRun  Clock: 127011
    1  | Step 2 (siriusphmaintain.cpp:554)
    1  | Keep waiting Maint done (siriusphmaintain.cpp:560)
<<< 1<<< Leave: SiriusPHMaintain::waitAndRun  Clock: 127011  (siriusphmaintain.cpp:562)
>>> 1>>> Enter: SiriusPHMaintain::waitAndRun  Clock: 127261
    1  | Step 2 (siriusphmaintain.cpp:554)
    1  | Keep waiting Maint done (siriusphmaintain.cpp:560)
<<< 1<<< Leave: SiriusPHMaintain::waitAndRun  Clock: 127261  (siriusphmaintain.cpp:562)
>>> 1>>> Enter: SiriusPHMaintain::waitAndRun  Clock: 127511
    1  | Step 2 (siriusphmaintain.cpp:554)
    1  | Keep waiting Maint done (siriusphmaintain.cpp:560)
<<< 1<<< Leave: SiriusPHMaintain::waitAndRun  Clock: 127511  (siriusphmaintain.cpp:562)
>>> 1>>> Enter: SiriusPHMaintain::waitAndRun  Clock: 127761
    1  | Step 2 (siriusphmaintain.cpp:554)
    1  | Keep waiting Maint done (siriusphmaintain.cpp:560)
<<< 1<<< Leave: SiriusPHMaintain::waitAndRun  Clock: 127761  (siriusphmaintain.cpp:562)
>>> 1>>> Enter: SiriusPHMaintain::waitAndRun  Clock: 128011
    1  | Step 2 (siriusphmaintain.cpp:554)
    1  | Keep waiting Maint done (siriusphmaintain.cpp:560)
<<< 1<<< Leave: SiriusPHMaintain::waitAndRun  Clock: 128011  (siriusphmaintain.cpp:562)
>>> 1>>> Enter: SiriusPHMaintain::waitAndRun  Clock: 128262
    1  | Step 2 (siriusphmaintain.cpp:554)
    1  | Keep waiting Maint done (siriusphmaintain.cpp:560)
<<< 1<<< Leave: SiriusPHMaintain::waitAndRun  Clock: 128262  (siriusphmaintain.cpp:562)
>>> 1>>> Enter: SiriusPHMaintain::waitAndRun  Clock: 128512
    1  | Step 2 (siriusphmaintain.cpp:554)
    1  | Maint done (siriusphmaintain.cpp:567)
<<< 1<<< Leave: SiriusPHMaintain::waitAndRun  Clock: 128512  (siriusphmaintain.cpp:570)
>>> 1>>> Enter: SiriusPHMaintain::waitAndRun  Clock: 129513
    1  | Step 3 (siriusphmaintain.cpp:586)
    1  | All done. Set _errcode=_NoError (siriusphmaintain.cpp:598)
<<< 1<<< Leave: SiriusPHMaintain::waitAndRun  Clock: 130007  (siriusphmaintain.cpp:602)
>>> 1>>> Enter: SiriusPHMaintain::waitAndRun  Clock: 130008
    1  | Step 4. All done (siriusphmaintain.cpp:607)
    1  | Set _busy=false  pstrScript=NULL (siriusphmaintain.cpp:609)
<<< 1<<< Leave: SiriusPHMaintain::waitAndRun  Clock: 130009  (siriusphmaintain.cpp:663)
>>> 1>>> Enter: SiriusPHMaintain::printing  Clock: 150670
<<< 1<<< Leave: SiriusPHMaintain::printing  Clock: 150670  (siriusphmaintain.cpp:1071)
>>> 1>>> Enter: SiriusPHMaintain::printing::<lambda_6be4e953349d7dff2541e35f88e24e33>::operator ()  Clock: 151159
<<< 1<<< Leave: SiriusPHMaintain::printing::<lambda_6be4e953349d7dff2541e35f88e24e33>::operator ()  Clock: 151160  (siriusphmaintain.cpp:1067)
>>> 1>>> Enter: SiriusPHMaintain::printing::<lambda_6be4e953349d7dff2541e35f88e24e33>::operator ()  Clock: 151663
<<< 1<<< Leave: SiriusPHMaintain::printing::<lambda_6be4e953349d7dff2541e35f88e24e33>::operator ()  Clock: 151664  (siriusphmaintain.cpp:1067)
>>> 1>>> Enter: SiriusPHMaintain::printing::<lambda_6be4e953349d7dff2541e35f88e24e33>::operator ()  Clock: 152161
<<< 1<<< Leave: SiriusPHMaintain::printing::<lambda_6be4e953349d7dff2541e35f88e24e33>::operator ()  Clock: 152162  (siriusphmaintain.cpp:1067)
>>> 1>>> Enter: SiriusPHMaintain::printing::<lambda_6be4e953349d7dff2541e35f88e24e33>::operator ()  Clock: 152660
<<< 1<<< Leave: SiriusPHMaintain::printing::<lambda_6be4e953349d7dff2541e35f88e24e33>::operator ()  Clock: 152661  (siriusphmaintain.cpp:1067)
>>> 1>>> Enter: SiriusPHMaintain::printing::<lambda_6be4e953349d7dff2541e35f88e24e33>::operator ()  Clock: 153159
<<< 1<<< Leave: SiriusPHMaintain::printing::<lambda_6be4e953349d7dff2541e35f88e24e33>::operator ()  Clock: 153160  (siriusphmaintain.cpp:1067)
>>> 1>>> Enter: SiriusPHMaintain::printing::<lambda_6be4e953349d7dff2541e35f88e24e33>::operator ()  Clock: 153661
<<< 1<<< Leave: SiriusPHMaintain::printing::<lambda_6be4e953349d7dff2541e35f88e24e33>::operator ()  Clock: 153662  (siriusphmaintain.cpp:1067)
>>> 1>>> Enter: SiriusPHMaintain::printing::<lambda_6be4e953349d7dff2541e35f88e24e33>::operator ()  Clock: 154162
<<< 1<<< Leave: SiriusPHMaintain::printing::<lambda_6be4e953349d7dff2541e35f88e24e33>::operator ()  Clock: 154163  (siriusphmaintain.cpp:1067)
>>> 1>>> Enter: SiriusPHMaintain::printing::<lambda_6be4e953349d7dff2541e35f88e24e33>::operator ()  Clock: 154659
<<< 1<<< Leave: SiriusPHMaintain::printing::<lambda_6be4e953349d7dff2541e35f88e24e33>::operator ()  Clock: 154660  (siriusphmaintain.cpp:1067)
>>> 1>>> Enter: SiriusPHMaintain::printing::<lambda_6be4e953349d7dff2541e35f88e24e33>::operator ()  Clock: 155160
<<< 1<<< Leave: SiriusPHMaintain::printing::<lambda_6be4e953349d7dff2541e35f88e24e33>::operator ()  Clock: 155160  (siriusphmaintain.cpp:1067)
>>> 1>>> Enter: SiriusPHMaintain::printing::<lambda_6be4e953349d7dff2541e35f88e24e33>::operator ()  Clock: 155662
<<< 1<<< Leave: SiriusPHMaintain::printing::<lambda_6be4e953349d7dff2541e35f88e24e33>::operator ()  Clock: 155663  (siriusphmaintain.cpp:1067)
>>> 1>>> Enter: SiriusPHMaintain::printing::<lambda_6be4e953349d7dff2541e35f88e24e33>::operator ()  Clock: 156159
<<< 1<<< Leave: SiriusPHMaintain::printing::<lambda_6be4e953349d7dff2541e35f88e24e33>::operator ()  Clock: 156160  (siriusphmaintain.cpp:1067)
>>> 1>>> Enter: SiriusPHMaintain::printing::<lambda_6be4e953349d7dff2541e35f88e24e33>::operator ()  Clock: 156660
<<< 1<<< Leave: SiriusPHMaintain::printing::<lambda_6be4e953349d7dff2541e35f88e24e33>::operator ()  Clock: 156661  (siriusphmaintain.cpp:1067)
>>> 1>>> Enter: SiriusPHMaintain::printing::<lambda_6be4e953349d7dff2541e35f88e24e33>::operator ()  Clock: 157160
<<< 1<<< Leave: SiriusPHMaintain::printing::<lambda_6be4e953349d7dff2541e35f88e24e33>::operator ()  Clock: 157161  (siriusphmaintain.cpp:1067)
>>> 1>>> Enter: SiriusPHMaintain::printing::<lambda_6be4e953349d7dff2541e35f88e24e33>::operator ()  Clock: 157659
<<< 1<<< Leave: SiriusPHMaintain::printing::<lambda_6be4e953349d7dff2541e35f88e24e33>::operator ()  Clock: 157660  (siriusphmaintain.cpp:1067)
>>> 1>>> Enter: SiriusPHMaintain::printing::<lambda_6be4e953349d7dff2541e35f88e24e33>::operator ()  Clock: 158159
<<< 1<<< Leave: SiriusPHMaintain::printing::<lambda_6be4e953349d7dff2541e35f88e24e33>::operator ()  Clock: 158160  (siriusphmaintain.cpp:1067)
>>> 1>>> Enter: SiriusPHMaintain::printing::<lambda_6be4e953349d7dff2541e35f88e24e33>::operator ()  Clock: 158661
<<< 1<<< Leave: SiriusPHMaintain::printing::<lambda_6be4e953349d7dff2541e35f88e24e33>::operator ()  Clock: 158662  (siriusphmaintain.cpp:1067)
>>> 1>>> Enter: SiriusPHMaintain::printing::<lambda_6be4e953349d7dff2541e35f88e24e33>::operator ()  Clock: 159160
<<< 1<<< Leave: SiriusPHMaintain::printing::<lambda_6be4e953349d7dff2541e35f88e24e33>::operator ()  Clock: 159161  (siriusphmaintain.cpp:1067)
>>> 1>>> Enter: SiriusPHMaintain::printing::<lambda_6be4e953349d7dff2541e35f88e24e33>::operator ()  Clock: 159659
<<< 1<<< Leave: SiriusPHMaintain::printing::<lambda_6be4e953349d7dff2541e35f88e24e33>::operator ()  Clock: 159660  (siriusphmaintain.cpp:1067)
>>> 1>>> Enter: SiriusPHMaintain::printing::<lambda_6be4e953349d7dff2541e35f88e24e33>::operator ()  Clock: 160159
<<< 1<<< Leave: SiriusPHMaintain::printing::<lambda_6be4e953349d7dff2541e35f88e24e33>::operator ()  Clock: 160160  (siriusphmaintain.cpp:1067)
>>> 1>>> Enter: SiriusPHMaintain::printing::<lambda_6be4e953349d7dff2541e35f88e24e33>::operator ()  Clock: 160663
<<< 1<<< Leave: SiriusPHMaintain::printing::<lambda_6be4e953349d7dff2541e35f88e24e33>::operator ()  Clock: 160664  (siriusphmaintain.cpp:1067)
>>> 1>>> Enter: SiriusPHMaintain::printing::<lambda_6be4e953349d7dff2541e35f88e24e33>::operator ()  Clock: 161160
<<< 1<<< Leave: SiriusPHMaintain::printing::<lambda_6be4e953349d7dff2541e35f88e24e33>::operator ()  Clock: 161160  (siriusphmaintain.cpp:1067)
>>> 1>>> Enter: SiriusPHMaintain::printing::<lambda_6be4e953349d7dff2541e35f88e24e33>::operator ()  Clock: 161662
<<< 1<<< Leave: SiriusPHMaintain::printing::<lambda_6be4e953349d7dff2541e35f88e24e33>::operator ()  Clock: 161663  (siriusphmaintain.cpp:1067)
>>> 1>>> Enter: SiriusPHMaintain::printing::<lambda_6be4e953349d7dff2541e35f88e24e33>::operator ()  Clock: 162160
<<< 1<<< Leave: SiriusPHMaintain::printing::<lambda_6be4e953349d7dff2541e35f88e24e33>::operator ()  Clock: 162161  (siriusphmaintain.cpp:1067)
>>> 1>>> Enter: SiriusPHMaintain::printing::<lambda_6be4e953349d7dff2541e35f88e24e33>::operator ()  Clock: 162661
<<< 1<<< Leave: SiriusPHMaintain::printing::<lambda_6be4e953349d7dff2541e35f88e24e33>::operator ()  Clock: 162662  (siriusphmaintain.cpp:1067)
>>> 1>>> Enter: SiriusPHMaintain::printing::<lambda_6be4e953349d7dff2541e35f88e24e33>::operator ()  Clock: 163163
<<< 1<<< Leave: SiriusPHMaintain::printing::<lambda_6be4e953349d7dff2541e35f88e24e33>::operator ()  Clock: 163164  (siriusphmaintain.cpp:1067)
>>> 1>>> Enter: SiriusPHMaintain::printing::<lambda_6be4e953349d7dff2541e35f88e24e33>::operator ()  Clock: 163659
<<< 1<<< Leave: SiriusPHMaintain::printing::<lambda_6be4e953349d7dff2541e35f88e24e33>::operator ()  Clock: 163660  (siriusphmaintain.cpp:1067)
>>> 1>>> Enter: SiriusPHMaintain::printing::<lambda_6be4e953349d7dff2541e35f88e24e33>::operator ()  Clock: 164161
<<< 1<<< Leave: SiriusPHMaintain::printing::<lambda_6be4e953349d7dff2541e35f88e24e33>::operator ()  Clock: 164162  (siriusphmaintain.cpp:1067)
>>> 1>>> Enter: SiriusPHMaintain::printing::<lambda_6be4e953349d7dff2541e35f88e24e33>::operator ()  Clock: 164661
<<< 1<<< Leave: SiriusPHMaintain::printing::<lambda_6be4e953349d7dff2541e35f88e24e33>::operator ()  Clock: 164662  (siriusphmaintain.cpp:1067)
>>> 1>>> Enter: SiriusPHMaintain::printing::<lambda_6be4e953349d7dff2541e35f88e24e33>::operator ()  Clock: 165161
<<< 1<<< Leave: SiriusPHMaintain::printing::<lambda_6be4e953349d7dff2541e35f88e24e33>::operator ()  Clock: 165162  (siriusphmaintain.cpp:1067)
>>> 1>>> Enter: SiriusPHMaintain::printing::<lambda_6be4e953349d7dff2541e35f88e24e33>::operator ()  Clock: 165660
<<< 1<<< Leave: SiriusPHMaintain::printing::<lambda_6be4e953349d7dff2541e35f88e24e33>::operator ()  Clock: 165661  (siriusphmaintain.cpp:1067)
>>> 1>>> Enter: SiriusPHMaintain::printing::<lambda_6be4e953349d7dff2541e35f88e24e33>::operator ()  Clock: 166160
<<< 1<<< Leave: SiriusPHMaintain::printing::<lambda_6be4e953349d7dff2541e35f88e24e33>::operator ()  Clock: 166160  (siriusphmaintain.cpp:1067)
>>> 1>>> Enter: SiriusPHMaintain::printing::<lambda_6be4e953349d7dff2541e35f88e24e33>::operator ()  Clock: 166659
<<< 1<<< Leave: SiriusPHMaintain::printing::<lambda_6be4e953349d7dff2541e35f88e24e33>::operator ()  Clock: 166660  (siriusphmaintain.cpp:1067)
>>> 1>>> Enter: SiriusPHMaintain::printing::<lambda_6be4e953349d7dff2541e35f88e24e33>::operator ()  Clock: 167160
<<< 1<<< Leave: SiriusPHMaintain::printing::<lambda_6be4e953349d7dff2541e35f88e24e33>::operator ()  Clock: 167161  (siriusphmaintain.cpp:1067)
>>> 1>>> Enter: SiriusPHMaintain::printing::<lambda_6be4e953349d7dff2541e35f88e24e33>::operator ()  Clock: 167661
<<< 1<<< Leave: SiriusPHMaintain::printing::<lambda_6be4e953349d7dff2541e35f88e24e33>::operator ()  Clock: 167662  (siriusphmaintain.cpp:1067)
>>> 1>>> Enter: SiriusPHMaintain::printing::<lambda_6be4e953349d7dff2541e35f88e24e33>::operator ()  Clock: 168160
<<< 1<<< Leave: SiriusPHMaintain::printing::<lambda_6be4e953349d7dff2541e35f88e24e33>::operator ()  Clock: 168160  (siriusphmaintain.cpp:1067)
>>> 1>>> Enter: SiriusPHMaintain::printing::<lambda_6be4e953349d7dff2541e35f88e24e33>::operator ()  Clock: 168661
<<< 1<<< Leave: SiriusPHMaintain::printing::<lambda_6be4e953349d7dff2541e35f88e24e33>::operator ()  Clock: 168661  (siriusphmaintain.cpp:1067)
>>> 1>>> Enter: SiriusPHMaintain::printing::<lambda_6be4e953349d7dff2541e35f88e24e33>::operator ()  Clock: 169162
<<< 1<<< Leave: SiriusPHMaintain::printing::<lambda_6be4e953349d7dff2541e35f88e24e33>::operator ()  Clock: 169162  (siriusphmaintain.cpp:1067)
>>> 1>>> Enter: SiriusPHMaintain::printing::<lambda_6be4e953349d7dff2541e35f88e24e33>::operator ()  Clock: 169664
<<< 1<<< Leave: SiriusPHMaintain::printing::<lambda_6be4e953349d7dff2541e35f88e24e33>::operator ()  Clock: 169665  (siriusphmaintain.cpp:1067)
>>> 1>>> Enter: SiriusPHMaintain::printing::<lambda_6be4e953349d7dff2541e35f88e24e33>::operator ()  Clock: 170160
<<< 1<<< Leave: SiriusPHMaintain::printing::<lambda_6be4e953349d7dff2541e35f88e24e33>::operator ()  Clock: 170161  (siriusphmaintain.cpp:1067)
>>> 1>>> Enter: SiriusPHMaintain::printing::<lambda_6be4e953349d7dff2541e35f88e24e33>::operator ()  Clock: 170659
<<< 1<<< Leave: SiriusPHMaintain::printing::<lambda_6be4e953349d7dff2541e35f88e24e33>::operator ()  Clock: 170660  (siriusphmaintain.cpp:1067)
>>> 1>>> Enter: SiriusPHMaintain::printing::<lambda_6be4e953349d7dff2541e35f88e24e33>::operator ()  Clock: 171160
<<< 1<<< Leave: SiriusPHMaintain::printing::<lambda_6be4e953349d7dff2541e35f88e24e33>::operator ()  Clock: 171161  (siriusphmaintain.cpp:1067)
>>> 1>>> Enter: SiriusPHMaintain::printing::<lambda_6be4e953349d7dff2541e35f88e24e33>::operator ()  Clock: 171661
<<< 1<<< Leave: SiriusPHMaintain::printing::<lambda_6be4e953349d7dff2541e35f88e24e33>::operator ()  Clock: 171662  (siriusphmaintain.cpp:1067)
>>> 1>>> Enter: SiriusPHMaintain::printing::<lambda_6be4e953349d7dff2541e35f88e24e33>::operator ()  Clock: 172162
<<< 1<<< Leave: SiriusPHMaintain::printing::<lambda_6be4e953349d7dff2541e35f88e24e33>::operator ()  Clock: 172162  (siriusphmaintain.cpp:1067)
>>> 1>>> Enter: SiriusPHMaintain::printing::<lambda_6be4e953349d7dff2541e35f88e24e33>::operator ()  Clock: 172663
<<< 1<<< Leave: SiriusPHMaintain::printing::<lambda_6be4e953349d7dff2541e35f88e24e33>::operator ()  Clock: 172664  (siriusphmaintain.cpp:1067)
>>> 1>>> Enter: SiriusPHMaintain::printing::<lambda_6be4e953349d7dff2541e35f88e24e33>::operator ()  Clock: 173159
<<< 1<<< Leave: SiriusPHMaintain::printing::<lambda_6be4e953349d7dff2541e35f88e24e33>::operator ()  Clock: 173160  (siriusphmaintain.cpp:1067)
>>> 1>>> Enter: SiriusPHMaintain::printing::<lambda_6be4e953349d7dff2541e35f88e24e33>::operator ()  Clock: 173660
<<< 1<<< Leave: SiriusPHMaintain::printing::<lambda_6be4e953349d7dff2541e35f88e24e33>::operator ()  Clock: 173661  (siriusphmaintain.cpp:1067)
>>> 1>>> Enter: SiriusPHMaintain::printing::<lambda_6be4e953349d7dff2541e35f88e24e33>::operator ()  Clock: 174163
<<< 1<<< Leave: SiriusPHMaintain::printing::<lambda_6be4e953349d7dff2541e35f88e24e33>::operator ()  Clock: 174164  (siriusphmaintain.cpp:1067)
>>> 1>>> Enter: SiriusPHMaintain::printing::<lambda_6be4e953349d7dff2541e35f88e24e33>::operator ()  Clock: 174659
<<< 1<<< Leave: SiriusPHMaintain::printing::<lambda_6be4e953349d7dff2541e35f88e24e33>::operator ()  Clock: 174660  (siriusphmaintain.cpp:1067)
>>> 1>>> Enter: SiriusPHMaintain::printing::<lambda_6be4e953349d7dff2541e35f88e24e33>::operator ()  Clock: 175159
<<< 1<<< Leave: SiriusPHMaintain::printing::<lambda_6be4e953349d7dff2541e35f88e24e33>::operator ()  Clock: 175159  (siriusphmaintain.cpp:1067)
>>> 1>>> Enter: SiriusPHMaintain::printing::<lambda_6be4e953349d7dff2541e35f88e24e33>::operator ()  Clock: 175660
<<< 1<<< Leave: SiriusPHMaintain::printing::<lambda_6be4e953349d7dff2541e35f88e24e33>::operator ()  Clock: 175661  (siriusphmaintain.cpp:1067)
>>> 1>>> Enter: SiriusPHMaintain::printing::<lambda_6be4e953349d7dff2541e35f88e24e33>::operator ()  Clock: 176160
<<< 1<<< Leave: SiriusPHMaintain::printing::<lambda_6be4e953349d7dff2541e35f88e24e33>::operator ()  Clock: 176160  (siriusphmaintain.cpp:1067)
>>> 1>>> Enter: SiriusPHMaintain::printing::<lambda_6be4e953349d7dff2541e35f88e24e33>::operator ()  Clock: 176659
<<< 1<<< Leave: SiriusPHMaintain::printing::<lambda_6be4e953349d7dff2541e35f88e24e33>::operator ()  Clock: 176659  (siriusphmaintain.cpp:1067)
>>> 1>>> Enter: SiriusPHMaintain::printing::<lambda_6be4e953349d7dff2541e35f88e24e33>::operator ()  Clock: 177164
<<< 1<<< Leave: SiriusPHMaintain::printing::<lambda_6be4e953349d7dff2541e35f88e24e33>::operator ()  Clock: 177165  (siriusphmaintain.cpp:1067)
>>> 1>>> Enter: SiriusPHMaintain::printing::<lambda_6be4e953349d7dff2541e35f88e24e33>::operator ()  Clock: 177660
<<< 1<<< Leave: SiriusPHMaintain::printing::<lambda_6be4e953349d7dff2541e35f88e24e33>::operator ()  Clock: 177660  (siriusphmaintain.cpp:1067)
>>> 1>>> Enter: SiriusPHMaintain::printing::<lambda_6be4e953349d7dff2541e35f88e24e33>::operator ()  Clock: 178162
<<< 1<<< Leave: SiriusPHMaintain::printing::<lambda_6be4e953349d7dff2541e35f88e24e33>::operator ()  Clock: 178162  (siriusphmaintain.cpp:1067)
>>> 1>>> Enter: SiriusPHMaintain::printing::<lambda_6be4e953349d7dff2541e35f88e24e33>::operator ()  Clock: 178662
<<< 1<<< Leave: SiriusPHMaintain::printing::<lambda_6be4e953349d7dff2541e35f88e24e33>::operator ()  Clock: 178662  (siriusphmaintain.cpp:1067)
>>> 1>>> Enter: SiriusPHMaintain::printing::<lambda_6be4e953349d7dff2541e35f88e24e33>::operator ()  Clock: 179160
<<< 1<<< Leave: SiriusPHMaintain::printing::<lambda_6be4e953349d7dff2541e35f88e24e33>::operator ()  Clock: 179160  (siriusphmaintain.cpp:1067)
>>> 1>>> Enter: SiriusPHMaintain::printing::<lambda_6be4e953349d7dff2541e35f88e24e33>::operator ()  Clock: 179659
<<< 1<<< Leave: SiriusPHMaintain::printing::<lambda_6be4e953349d7dff2541e35f88e24e33>::operator ()  Clock: 179659  (siriusphmaintain.cpp:1067)
>>> 1>>> Enter: SiriusPHMaintain::printing::<lambda_6be4e953349d7dff2541e35f88e24e33>::operator ()  Clock: 180161
<<< 1<<< Leave: SiriusPHMaintain::printing::<lambda_6be4e953349d7dff2541e35f88e24e33>::operator ()  Clock: 180162  (siriusphmaintain.cpp:1067)
>>> 1>>> Enter: SiriusPHMaintain::printing::<lambda_6be4e953349d7dff2541e35f88e24e33>::operator ()  Clock: 180659
<<< 1<<< Leave: SiriusPHMaintain::printing::<lambda_6be4e953349d7dff2541e35f88e24e33>::operator ()  Clock: 180660  (siriusphmaintain.cpp:1067)
>>> 1>>> Enter: SiriusPHMaintain::printing::<lambda_6be4e953349d7dff2541e35f88e24e33>::operator ()  Clock: 181163
<<< 1<<< Leave: SiriusPHMaintain::printing::<lambda_6be4e953349d7dff2541e35f88e24e33>::operator ()  Clock: 181164  (siriusphmaintain.cpp:1067)
>>> 1>>> Enter: SiriusPHMaintain::printing::<lambda_6be4e953349d7dff2541e35f88e24e33>::operator ()  Clock: 181662
<<< 1<<< Leave: SiriusPHMaintain::printing::<lambda_6be4e953349d7dff2541e35f88e24e33>::operator ()  Clock: 181663  (siriusphmaintain.cpp:1067)
>>> 1>>> Enter: SiriusPHMaintain::printing::<lambda_6be4e953349d7dff2541e35f88e24e33>::operator ()  Clock: 182160
<<< 1<<< Leave: SiriusPHMaintain::printing::<lambda_6be4e953349d7dff2541e35f88e24e33>::operator ()  Clock: 182161  (siriusphmaintain.cpp:1067)
>>> 1>>> Enter: SiriusPHMaintain::printing::<lambda_6be4e953349d7dff2541e35f88e24e33>::operator ()  Clock: 182660
<<< 1<<< Leave: SiriusPHMaintain::printing::<lambda_6be4e953349d7dff2541e35f88e24e33>::operator ()  Clock: 182661  (siriusphmaintain.cpp:1067)
>>> 1>>> Enter: SiriusPHMaintain::printing::<lambda_6be4e953349d7dff2541e35f88e24e33>::operator ()  Clock: 183159
<<< 1<<< Leave: SiriusPHMaintain::printing::<lambda_6be4e953349d7dff2541e35f88e24e33>::operator ()  Clock: 183160  (siriusphmaintain.cpp:1067)
>>> 1>>> Enter: SiriusPHMaintain::printing::<lambda_6be4e953349d7dff2541e35f88e24e33>::operator ()  Clock: 183660
<<< 1<<< Leave: SiriusPHMaintain::printing::<lambda_6be4e953349d7dff2541e35f88e24e33>::operator ()  Clock: 183661  (siriusphmaintain.cpp:1067)
>>> 1>>> Enter: SiriusPHMaintain::printing::<lambda_6be4e953349d7dff2541e35f88e24e33>::operator ()  Clock: 184162
<<< 1<<< Leave: SiriusPHMaintain::printing::<lambda_6be4e953349d7dff2541e35f88e24e33>::operator ()  Clock: 184163  (siriusphmaintain.cpp:1067)
>>> 1>>> Enter: SiriusPHMaintain::printing::<lambda_6be4e953349d7dff2541e35f88e24e33>::operator ()  Clock: 184661
<<< 1<<< Leave: SiriusPHMaintain::printing::<lambda_6be4e953349d7dff2541e35f88e24e33>::operator ()  Clock: 184662  (siriusphmaintain.cpp:1067)
>>> 1>>> Enter: SiriusPHMaintain::printing::<lambda_6be4e953349d7dff2541e35f88e24e33>::operator ()  Clock: 185159
<<< 1<<< Leave: SiriusPHMaintain::printing::<lambda_6be4e953349d7dff2541e35f88e24e33>::operator ()  Clock: 185160  (siriusphmaintain.cpp:1067)
>>> 1>>> Enter: SiriusPHMaintain::printing::<lambda_6be4e953349d7dff2541e35f88e24e33>::operator ()  Clock: 185660
<<< 1<<< Leave: SiriusPHMaintain::printing::<lambda_6be4e953349d7dff2541e35f88e24e33>::operator ()  Clock: 185661  (siriusphmaintain.cpp:1067)
>>> 1>>> Enter: SiriusPHMaintain::printing::<lambda_6be4e953349d7dff2541e35f88e24e33>::operator ()  Clock: 186159
<<< 1<<< Leave: SiriusPHMaintain::printing::<lambda_6be4e953349d7dff2541e35f88e24e33>::operator ()  Clock: 186160  (siriusphmaintain.cpp:1067)
>>> 1>>> Enter: SiriusPHMaintain::printing::<lambda_6be4e953349d7dff2541e35f88e24e33>::operator ()  Clock: 186659
<<< 1<<< Leave: SiriusPHMaintain::printing::<lambda_6be4e953349d7dff2541e35f88e24e33>::operator ()  Clock: 186660  (siriusphmaintain.cpp:1067)
>>> 1>>> Enter: SiriusPHMaintain::printing::<lambda_6be4e953349d7dff2541e35f88e24e33>::operator ()  Clock: 187160
<<< 1<<< Leave: SiriusPHMaintain::printing::<lambda_6be4e953349d7dff2541e35f88e24e33>::operator ()  Clock: 187161  (siriusphmaintain.cpp:1067)
>>> 1>>> Enter: SiriusPHMaintain::printing::<lambda_6be4e953349d7dff2541e35f88e24e33>::operator ()  Clock: 187663
<<< 1<<< Leave: SiriusPHMaintain::printing::<lambda_6be4e953349d7dff2541e35f88e24e33>::operator ()  Clock: 187664  (siriusphmaintain.cpp:1067)
>>> 1>>> Enter: SiriusPHMaintain::printing::<lambda_6be4e953349d7dff2541e35f88e24e33>::operator ()  Clock: 188160
<<< 1<<< Leave: SiriusPHMaintain::printing::<lambda_6be4e953349d7dff2541e35f88e24e33>::operator ()  Clock: 188161  (siriusphmaintain.cpp:1067)
>>> 1>>> Enter: SiriusPHMaintain::printing::<lambda_6be4e953349d7dff2541e35f88e24e33>::operator ()  Clock: 188661
<<< 1<<< Leave: SiriusPHMaintain::printing::<lambda_6be4e953349d7dff2541e35f88e24e33>::operator ()  Clock: 188662  (siriusphmaintain.cpp:1067)
>>> 1>>> Enter: SiriusPHMaintain::printing::<lambda_6be4e953349d7dff2541e35f88e24e33>::operator ()  Clock: 189160
<<< 1<<< Leave: SiriusPHMaintain::printing::<lambda_6be4e953349d7dff2541e35f88e24e33>::operator ()  Clock: 189161  (siriusphmaintain.cpp:1067)
>>> 1>>> Enter: SiriusPHMaintain::printing::<lambda_6be4e953349d7dff2541e35f88e24e33>::operator ()  Clock: 189661
<<< 1<<< Leave: SiriusPHMaintain::printing::<lambda_6be4e953349d7dff2541e35f88e24e33>::operator ()  Clock: 189662  (siriusphmaintain.cpp:1067)
>>> 1>>> Enter: SiriusPHMaintain::printing::<lambda_6be4e953349d7dff2541e35f88e24e33>::operator ()  Clock: 190164
<<< 1<<< Leave: SiriusPHMaintain::printing::<lambda_6be4e953349d7dff2541e35f88e24e33>::operator ()  Clock: 190164  (siriusphmaintain.cpp:1067)
>>> 1>>> Enter: SiriusPHMaintain::printing::<lambda_6be4e953349d7dff2541e35f88e24e33>::operator ()  Clock: 190659
<<< 1<<< Leave: SiriusPHMaintain::printing::<lambda_6be4e953349d7dff2541e35f88e24e33>::operator ()  Clock: 190660  (siriusphmaintain.cpp:1067)
>>> 1>>> Enter: SiriusPHMaintain::printing::<lambda_6be4e953349d7dff2541e35f88e24e33>::operator ()  Clock: 191159
<<< 1<<< Leave: SiriusPHMaintain::printing::<lambda_6be4e953349d7dff2541e35f88e24e33>::operator ()  Clock: 191160  (siriusphmaintain.cpp:1067)
>>> 1>>> Enter: SiriusPHMaintain::printing::<lambda_6be4e953349d7dff2541e35f88e24e33>::operator ()  Clock: 191662
<<< 1<<< Leave: SiriusPHMaintain::printing::<lambda_6be4e953349d7dff2541e35f88e24e33>::operator ()  Clock: 191663  (siriusphmaintain.cpp:1067)
>>> 1>>> Enter: SiriusPHMaintain::printing::<lambda_6be4e953349d7dff2541e35f88e24e33>::operator ()  Clock: 192161
<<< 1<<< Leave: SiriusPHMaintain::printing::<lambda_6be4e953349d7dff2541e35f88e24e33>::operator ()  Clock: 192162  (siriusphmaintain.cpp:1067)
>>> 1>>> Enter: SiriusPHMaintain::printing::<lambda_6be4e953349d7dff2541e35f88e24e33>::operator ()  Clock: 192659
<<< 1<<< Leave: SiriusPHMaintain::printing::<lambda_6be4e953349d7dff2541e35f88e24e33>::operator ()  Clock: 192660  (siriusphmaintain.cpp:1067)
>>> 1>>> Enter: SiriusPHMaintain::printing::<lambda_6be4e953349d7dff2541e35f88e24e33>::operator ()  Clock: 193160
<<< 1<<< Leave: SiriusPHMaintain::printing::<lambda_6be4e953349d7dff2541e35f88e24e33>::operator ()  Clock: 193161  (siriusphmaintain.cpp:1067)
>>> 1>>> Enter: SiriusPHMaintain::printing::<lambda_6be4e953349d7dff2541e35f88e24e33>::operator ()  Clock: 193663
<<< 1<<< Leave: SiriusPHMaintain::printing::<lambda_6be4e953349d7dff2541e35f88e24e33>::operator ()  Clock: 193664  (siriusphmaintain.cpp:1067)
>>> 1>>> Enter: SiriusPHMaintain::printing::<lambda_6be4e953349d7dff2541e35f88e24e33>::operator ()  Clock: 194160
<<< 1<<< Leave: SiriusPHMaintain::printing::<lambda_6be4e953349d7dff2541e35f88e24e33>::operator ()  Clock: 194161  (siriusphmaintain.cpp:1067)
>>> 1>>> Enter: SiriusPHMaintain::printing::<lambda_6be4e953349d7dff2541e35f88e24e33>::operator ()  Clock: 194660
<<< 1<<< Leave: SiriusPHMaintain::printing::<lambda_6be4e953349d7dff2541e35f88e24e33>::operator ()  Clock: 194661  (siriusphmaintain.cpp:1067)
>>> 1>>> Enter: SiriusPHMaintain::printing::<lambda_6be4e953349d7dff2541e35f88e24e33>::operator ()  Clock: 195160
<<< 1<<< Leave: SiriusPHMaintain::printing::<lambda_6be4e953349d7dff2541e35f88e24e33>::operator ()  Clock: 195161  (siriusphmaintain.cpp:1067)
>>> 1>>> Enter: SiriusPHMaintain::printing::<lambda_6be4e953349d7dff2541e35f88e24e33>::operator ()  Clock: 195660
<<< 1<<< Leave: SiriusPHMaintain::printing::<lambda_6be4e953349d7dff2541e35f88e24e33>::operator ()  Clock: 195661  (siriusphmaintain.cpp:1067)
>>> 1>>> Enter: SiriusPHMaintain::printing::<lambda_6be4e953349d7dff2541e35f88e24e33>::operator ()  Clock: 196159
<<< 1<<< Leave: SiriusPHMaintain::printing::<lambda_6be4e953349d7dff2541e35f88e24e33>::operator ()  Clock: 196160  (siriusphmaintain.cpp:1067)
>>> 1>>> Enter: SiriusPHMaintain::printing::<lambda_6be4e953349d7dff2541e35f88e24e33>::operator ()  Clock: 196659
<<< 1<<< Leave: SiriusPHMaintain::printing::<lambda_6be4e953349d7dff2541e35f88e24e33>::operator ()  Clock: 196660  (siriusphmaintain.cpp:1067)
>>> 1>>> Enter: SiriusPHMaintain::printing::<lambda_6be4e953349d7dff2541e35f88e24e33>::operator ()  Clock: 197160
<<< 1<<< Leave: SiriusPHMaintain::printing::<lambda_6be4e953349d7dff2541e35f88e24e33>::operator ()  Clock: 197160  (siriusphmaintain.cpp:1067)
>>> 1>>> Enter: SiriusPHMaintain::printing::<lambda_6be4e953349d7dff2541e35f88e24e33>::operator ()  Clock: 197660
<<< 1<<< Leave: SiriusPHMaintain::printing::<lambda_6be4e953349d7dff2541e35f88e24e33>::operator ()  Clock: 197661  (siriusphmaintain.cpp:1067)
>>> 1>>> Enter: SiriusPHMaintain::printing::<lambda_6be4e953349d7dff2541e35f88e24e33>::operator ()  Clock: 198163
<<< 1<<< Leave: SiriusPHMaintain::printing::<lambda_6be4e953349d7dff2541e35f88e24e33>::operator ()  Clock: 198163  (siriusphmaintain.cpp:1067)
>>> 1>>> Enter: SiriusPHMaintain::printing::<lambda_6be4e953349d7dff2541e35f88e24e33>::operator ()  Clock: 198659
<<< 1<<< Leave: SiriusPHMaintain::printing::<lambda_6be4e953349d7dff2541e35f88e24e33>::operator ()  Clock: 198660  (siriusphmaintain.cpp:1067)
>>> 1>>> Enter: SiriusPHMaintain::printing::<lambda_6be4e953349d7dff2541e35f88e24e33>::operator ()  Clock: 199159
<<< 1<<< Leave: SiriusPHMaintain::printing::<lambda_6be4e953349d7dff2541e35f88e24e33>::operator ()  Clock: 199160  (siriusphmaintain.cpp:1067)
>>> 1>>> Enter: SiriusPHMaintain::printing::<lambda_6be4e953349d7dff2541e35f88e24e33>::operator ()  Clock: 199660
<<< 1<<< Leave: SiriusPHMaintain::printing::<lambda_6be4e953349d7dff2541e35f88e24e33>::operator ()  Clock: 199661  (siriusphmaintain.cpp:1067)
>>> 1>>> Enter: SiriusPHMaintain::printing::<lambda_6be4e953349d7dff2541e35f88e24e33>::operator ()  Clock: 200160
<<< 1<<< Leave: SiriusPHMaintain::printing::<lambda_6be4e953349d7dff2541e35f88e24e33>::operator ()  Clock: 200160  (siriusphmaintain.cpp:1067)
>>> 1>>> Enter: SiriusPHMaintain::printing::<lambda_6be4e953349d7dff2541e35f88e24e33>::operator ()  Clock: 200662
<<< 1<<< Leave: SiriusPHMaintain::printing::<lambda_6be4e953349d7dff2541e35f88e24e33>::operator ()  Clock: 200662  (siriusphmaintain.cpp:1067)
>>> 1>>> Enter: SiriusPHMaintain::printing::<lambda_6be4e953349d7dff2541e35f88e24e33>::operator ()  Clock: 201160
<<< 1<<< Leave: SiriusPHMaintain::printing::<lambda_6be4e953349d7dff2541e35f88e24e33>::operator ()  Clock: 201161  (siriusphmaintain.cpp:1067)
>>> 1>>> Enter: SiriusPHMaintain::printing::<lambda_6be4e953349d7dff2541e35f88e24e33>::operator ()  Clock: 201659
<<< 1<<< Leave: SiriusPHMaintain::printing::<lambda_6be4e953349d7dff2541e35f88e24e33>::operator ()  Clock: 201660  (siriusphmaintain.cpp:1067)
>>> 1>>> Enter: SiriusPHMaintain::printing::<lambda_6be4e953349d7dff2541e35f88e24e33>::operator ()  Clock: 202162
<<< 1<<< Leave: SiriusPHMaintain::printing::<lambda_6be4e953349d7dff2541e35f88e24e33>::operator ()  Clock: 202162  (siriusphmaintain.cpp:1067)
>>> 1>>> Enter: SiriusPHMaintain::printing::<lambda_6be4e953349d7dff2541e35f88e24e33>::operator ()  Clock: 202662
<<< 1<<< Leave: SiriusPHMaintain::printing::<lambda_6be4e953349d7dff2541e35f88e24e33>::operator ()  Clock: 202663  (siriusphmaintain.cpp:1067)
>>> 1>>> Enter: SiriusPHMaintain::printing::<lambda_6be4e953349d7dff2541e35f88e24e33>::operator ()  Clock: 203159
<<< 1<<< Leave: SiriusPHMaintain::printing::<lambda_6be4e953349d7dff2541e35f88e24e33>::operator ()  Clock: 203160  (siriusphmaintain.cpp:1067)
>>> 1>>> Enter: SiriusPHMaintain::printing::<lambda_6be4e953349d7dff2541e35f88e24e33>::operator ()  Clock: 203662
<<< 1<<< Leave: SiriusPHMaintain::printing::<lambda_6be4e953349d7dff2541e35f88e24e33>::operator ()  Clock: 203663  (siriusphmaintain.cpp:1067)
>>> 1>>> Enter: SiriusPHMaintain::printing::<lambda_6be4e953349d7dff2541e35f88e24e33>::operator ()  Clock: 204161
<<< 1<<< Leave: SiriusPHMaintain::printing::<lambda_6be4e953349d7dff2541e35f88e24e33>::operator ()  Clock: 204162  (siriusphmaintain.cpp:1067)
>>> 1>>> Enter: SiriusPHMaintain::printing::<lambda_6be4e953349d7dff2541e35f88e24e33>::operator ()  Clock: 204659
<<< 1<<< Leave: SiriusPHMaintain::printing::<lambda_6be4e953349d7dff2541e35f88e24e33>::operator ()  Clock: 204660  (siriusphmaintain.cpp:1067)
>>> 1>>> Enter: SiriusPHMaintain::printing::<lambda_6be4e953349d7dff2541e35f88e24e33>::operator ()  Clock: 205161
<<< 1<<< Leave: SiriusPHMaintain::printing::<lambda_6be4e953349d7dff2541e35f88e24e33>::operator ()  Clock: 205162  (siriusphmaintain.cpp:1067)
>>> 1>>> Enter: SiriusPHMaintain::printing::<lambda_6be4e953349d7dff2541e35f88e24e33>::operator ()  Clock: 205662
<<< 1<<< Leave: SiriusPHMaintain::printing::<lambda_6be4e953349d7dff2541e35f88e24e33>::operator ()  Clock: 205663  (siriusphmaintain.cpp:1067)
>>> 1>>> Enter: SiriusPHMaintain::printing::<lambda_6be4e953349d7dff2541e35f88e24e33>::operator ()  Clock: 206161
<<< 1<<< Leave: SiriusPHMaintain::printing::<lambda_6be4e953349d7dff2541e35f88e24e33>::operator ()  Clock: 206161  (siriusphmaintain.cpp:1067)
>>> 1>>> Enter: SiriusPHMaintain::printing::<lambda_6be4e953349d7dff2541e35f88e24e33>::operator ()  Clock: 206660
<<< 1<<< Leave: SiriusPHMaintain::printing::<lambda_6be4e953349d7dff2541e35f88e24e33>::operator ()  Clock: 206661  (siriusphmaintain.cpp:1067)
>>> 1>>> Enter: SiriusPHMaintain::printing::<lambda_6be4e953349d7dff2541e35f88e24e33>::operator ()  Clock: 207159
<<< 1<<< Leave: SiriusPHMaintain::printing::<lambda_6be4e953349d7dff2541e35f88e24e33>::operator ()  Clock: 207160  (siriusphmaintain.cpp:1067)
>>> 1>>> Enter: SiriusPHMaintain::printing::<lambda_6be4e953349d7dff2541e35f88e24e33>::operator ()  Clock: 207660
<<< 1<<< Leave: SiriusPHMaintain::printing::<lambda_6be4e953349d7dff2541e35f88e24e33>::operator ()  Clock: 207661  (siriusphmaintain.cpp:1067)
>>> 1>>> Enter: SiriusPHMaintain::printing::<lambda_6be4e953349d7dff2541e35f88e24e33>::operator ()  Clock: 208159
<<< 1<<< Leave: SiriusPHMaintain::printing::<lambda_6be4e953349d7dff2541e35f88e24e33>::operator ()  Clock: 208160  (siriusphmaintain.cpp:1067)
>>> 1>>> Enter: SiriusPHMaintain::printing::<lambda_6be4e953349d7dff2541e35f88e24e33>::operator ()  Clock: 208659
<<< 1<<< Leave: SiriusPHMaintain::printing::<lambda_6be4e953349d7dff2541e35f88e24e33>::operator ()  Clock: 208659  (siriusphmaintain.cpp:1067)
>>> 1>>> Enter: SiriusPHMaintain::printing::<lambda_6be4e953349d7dff2541e35f88e24e33>::operator ()  Clock: 209160
<<< 1<<< Leave: SiriusPHMaintain::printing::<lambda_6be4e953349d7dff2541e35f88e24e33>::operator ()  Clock: 209161  (siriusphmaintain.cpp:1067)
>>> 1>>> Enter: SiriusPHMaintain::printing::<lambda_6be4e953349d7dff2541e35f88e24e33>::operator ()  Clock: 209662
<<< 1<<< Leave: SiriusPHMaintain::printing::<lambda_6be4e953349d7dff2541e35f88e24e33>::operator ()  Clock: 209663  (siriusphmaintain.cpp:1067)
>>> 1>>> Enter: SiriusPHMaintain::printing::<lambda_6be4e953349d7dff2541e35f88e24e33>::operator ()  Clock: 210159
<<< 1<<< Leave: SiriusPHMaintain::printing::<lambda_6be4e953349d7dff2541e35f88e24e33>::operator ()  Clock: 210160  (siriusphmaintain.cpp:1067)
>>> 1>>> Enter: SiriusPHMaintain::printing::<lambda_6be4e953349d7dff2541e35f88e24e33>::operator ()  Clock: 210660
<<< 1<<< Leave: SiriusPHMaintain::printing::<lambda_6be4e953349d7dff2541e35f88e24e33>::operator ()  Clock: 210661  (siriusphmaintain.cpp:1067)
>>> 1>>> Enter: SiriusPHMaintain::printing::<lambda_6be4e953349d7dff2541e35f88e24e33>::operator ()  Clock: 211159
<<< 1<<< Leave: SiriusPHMaintain::printing::<lambda_6be4e953349d7dff2541e35f88e24e33>::operator ()  Clock: 211160  (siriusphmaintain.cpp:1067)
>>> 1>>> Enter: SiriusPHMaintain::printing::<lambda_6be4e953349d7dff2541e35f88e24e33>::operator ()  Clock: 211661
<<< 1<<< Leave: SiriusPHMaintain::printing::<lambda_6be4e953349d7dff2541e35f88e24e33>::operator ()  Clock: 211662  (siriusphmaintain.cpp:1067)
>>> 1>>> Enter: SiriusPHMaintain::printing::<lambda_6be4e953349d7dff2541e35f88e24e33>::operator ()  Clock: 212161
<<< 1<<< Leave: SiriusPHMaintain::printing::<lambda_6be4e953349d7dff2541e35f88e24e33>::operator ()  Clock: 212161  (siriusphmaintain.cpp:1067)
>>> 1>>> Enter: SiriusPHMaintain::printing::<lambda_6be4e953349d7dff2541e35f88e24e33>::operator ()  Clock: 212661
<<< 1<<< Leave: SiriusPHMaintain::printing::<lambda_6be4e953349d7dff2541e35f88e24e33>::operator ()  Clock: 212661  (siriusphmaintain.cpp:1067)
>>> 1>>> Enter: SiriusPHMaintain::printing::<lambda_6be4e953349d7dff2541e35f88e24e33>::operator ()  Clock: 213159
<<< 1<<< Leave: SiriusPHMaintain::printing::<lambda_6be4e953349d7dff2541e35f88e24e33>::operator ()  Clock: 213160  (siriusphmaintain.cpp:1067)
>>> 1>>> Enter: SiriusPHMaintain::printing::<lambda_6be4e953349d7dff2541e35f88e24e33>::operator ()  Clock: 213660
<<< 1<<< Leave: SiriusPHMaintain::printing::<lambda_6be4e953349d7dff2541e35f88e24e33>::operator ()  Clock: 213661  (siriusphmaintain.cpp:1067)
>>> 1>>> Enter: SiriusPHMaintain::printing::<lambda_6be4e953349d7dff2541e35f88e24e33>::operator ()  Clock: 214162
<<< 1<<< Leave: SiriusPHMaintain::printing::<lambda_6be4e953349d7dff2541e35f88e24e33>::operator ()  Clock: 214163  (siriusphmaintain.cpp:1067)
>>> 1>>> Enter: SiriusPHMaintain::printing::<lambda_6be4e953349d7dff2541e35f88e24e33>::operator ()  Clock: 214662
<<< 1<<< Leave: SiriusPHMaintain::printing::<lambda_6be4e953349d7dff2541e35f88e24e33>::operator ()  Clock: 214662  (siriusphmaintain.cpp:1067)
>>> 1>>> Enter: SiriusPHMaintain::printing::<lambda_6be4e953349d7dff2541e35f88e24e33>::operator ()  Clock: 215160
<<< 1<<< Leave: SiriusPHMaintain::printing::<lambda_6be4e953349d7dff2541e35f88e24e33>::operator ()  Clock: 215161  (siriusphmaintain.cpp:1067)
>>> 1>>> Enter: SiriusPHMaintain::printing::<lambda_6be4e953349d7dff2541e35f88e24e33>::operator ()  Clock: 215659
<<< 1<<< Leave: SiriusPHMaintain::printing::<lambda_6be4e953349d7dff2541e35f88e24e33>::operator ()  Clock: 215660  (siriusphmaintain.cpp:1067)
>>> 1>>> Enter: SiriusPHMaintain::printing::<lambda_6be4e953349d7dff2541e35f88e24e33>::operator ()  Clock: 216160
<<< 1<<< Leave: SiriusPHMaintain::printing::<lambda_6be4e953349d7dff2541e35f88e24e33>::operator ()  Clock: 216161  (siriusphmaintain.cpp:1067)
>>> 1>>> Enter: SiriusPHMaintain::printing::<lambda_6be4e953349d7dff2541e35f88e24e33>::operator ()  Clock: 216660
<<< 1<<< Leave: SiriusPHMaintain::printing::<lambda_6be4e953349d7dff2541e35f88e24e33>::operator ()  Clock: 216661  (siriusphmaintain.cpp:1067)
>>> 1>>> Enter: SiriusPHMaintain::printing::<lambda_6be4e953349d7dff2541e35f88e24e33>::operator ()  Clock: 217163
<<< 1<<< Leave: SiriusPHMaintain::printing::<lambda_6be4e953349d7dff2541e35f88e24e33>::operator ()  Clock: 217164  (siriusphmaintain.cpp:1067)
>>> 1>>> Enter: SiriusPHMaintain::printing::<lambda_6be4e953349d7dff2541e35f88e24e33>::operator ()  Clock: 217662
<<< 1<<< Leave: SiriusPHMaintain::printing::<lambda_6be4e953349d7dff2541e35f88e24e33>::operator ()  Clock: 217662  (siriusphmaintain.cpp:1067)
>>> 1>>> Enter: SiriusPHMaintain::printing::<lambda_6be4e953349d7dff2541e35f88e24e33>::operator ()  Clock: 218159
<<< 1<<< Leave: SiriusPHMaintain::printing::<lambda_6be4e953349d7dff2541e35f88e24e33>::operator ()  Clock: 218160  (siriusphmaintain.cpp:1067)
>>> 1>>> Enter: SiriusPHMaintain::printing::<lambda_6be4e953349d7dff2541e35f88e24e33>::operator ()  Clock: 218659
<<< 1<<< Leave: SiriusPHMaintain::printing::<lambda_6be4e953349d7dff2541e35f88e24e33>::operator ()  Clock: 218660  (siriusphmaintain.cpp:1067)
>>> 1>>> Enter: SiriusPHMaintain::printing::<lambda_6be4e953349d7dff2541e35f88e24e33>::operator ()  Clock: 219160
<<< 1<<< Leave: SiriusPHMaintain::printing::<lambda_6be4e953349d7dff2541e35f88e24e33>::operator ()  Clock: 219160  (siriusphmaintain.cpp:1067)
>>> 1>>> Enter: SiriusPHMaintain::printing::<lambda_6be4e953349d7dff2541e35f88e24e33>::operator ()  Clock: 219659
<<< 1<<< Leave: SiriusPHMaintain::printing::<lambda_6be4e953349d7dff2541e35f88e24e33>::operator ()  Clock: 219660  (siriusphmaintain.cpp:1067)
>>> 1>>> Enter: SiriusPHMaintain::stopAll  Clock: 220012
    1  | Set  midjobIsSet=false   midjobEpilogIsSet=false  totalpage=-1 (siriusphmaintain.cpp:1556)
    1  | Delete printingMonitorTimer (siriusphmaintain.cpp:1562)
<<< 1<<< Leave: SiriusPHMaintain::stopAll  Clock: 220012  (siriusphmaintain.cpp:1567)
>>> 1>>> Enter: SiriusPHMaintain::stopAll  Clock: 220051
    1  | Set  midjobIsSet=false   midjobEpilogIsSet=false  totalpage=-1 (siriusphmaintain.cpp:1556)
<<< 1<<< Leave: SiriusPHMaintain::stopAll  Clock: 220051  (siriusphmaintain.cpp:1567)
>>> 1>>> Enter: SiriusPHMaintain::stopAll  Clock: 222052
    1  | Set  midjobIsSet=false   midjobEpilogIsSet=false  totalpage=-1 (siriusphmaintain.cpp:1556)
<<< 1<<< Leave: SiriusPHMaintain::stopAll  Clock: 222052  (siriusphmaintain.cpp:1567)
>>> 1>>> Enter: SiriusPHMaintain::stopAll  Clock: 224053
    1  | Set  midjobIsSet=false   midjobEpilogIsSet=false  totalpage=-1 (siriusphmaintain.cpp:1556)
<<< 1<<< Leave: SiriusPHMaintain::stopAll  Clock: 224053  (siriusphmaintain.cpp:1567)
>>> 1>>> Enter: SiriusPHMaintain::stopAll  Clock: 226054
    1  | Set  midjobIsSet=false   midjobEpilogIsSet=false  totalpage=-1 (siriusphmaintain.cpp:1556)
<<< 1<<< Leave: SiriusPHMaintain::stopAll  Clock: 226054  (siriusphmaintain.cpp:1567)
>>> 1>>> Enter: SiriusPHMaintain::stopAll  Clock: 228053
    1  | Set  midjobIsSet=false   midjobEpilogIsSet=false  totalpage=-1 (siriusphmaintain.cpp:1556)
<<< 1<<< Leave: SiriusPHMaintain::stopAll  Clock: 228053  (siriusphmaintain.cpp:1567)
>>> 1>>> Enter: SiriusPHMaintain::stopAll  Clock: 230051
    1  | Set  midjobIsSet=false   midjobEpilogIsSet=false  totalpage=-1 (siriusphmaintain.cpp:1556)
<<< 1<<< Leave: SiriusPHMaintain::stopAll  Clock: 230051  (siriusphmaintain.cpp:1567)
>>> 1>>> Enter: SiriusPHMaintain::stopAll  Clock: 232052
    1  | Set  midjobIsSet=false   midjobEpilogIsSet=false  totalpage=-1 (siriusphmaintain.cpp:1556)
<<< 1<<< Leave: SiriusPHMaintain::stopAll  Clock: 232052  (siriusphmaintain.cpp:1567)
>>> 1>>> Enter: SiriusPHMaintain::stopAll  Clock: 234052
    1  | Set  midjobIsSet=false   midjobEpilogIsSet=false  totalpage=-1 (siriusphmaintain.cpp:1556)
<<< 1<<< Leave: SiriusPHMaintain::stopAll  Clock: 234052  (siriusphmaintain.cpp:1567)
>>> 1>>> Enter: SiriusPHMaintain::stopAll  Clock: 236054
    1  | Set  midjobIsSet=false   midjobEpilogIsSet=false  totalpage=-1 (siriusphmaintain.cpp:1556)
<<< 1<<< Leave: SiriusPHMaintain::stopAll  Clock: 236054  (siriusphmaintain.cpp:1567)
>>> 1>>> Enter: SiriusPHMaintain::stopAll  Clock: 238052
    1  | Set  midjobIsSet=false   midjobEpilogIsSet=false  totalpage=-1 (siriusphmaintain.cpp:1556)
<<< 1<<< Leave: SiriusPHMaintain::stopAll  Clock: 238052  (siriusphmaintain.cpp:1567)
>>> 1>>> Enter: SiriusPHMaintain::stopAll  Clock: 240050
    1  | Set  midjobIsSet=false   midjobEpilogIsSet=false  totalpage=-1 (siriusphmaintain.cpp:1556)
<<< 1<<< Leave: SiriusPHMaintain::stopAll  Clock: 240050  (siriusphmaintain.cpp:1567)
>>> 1>>> Enter: SiriusPHMaintain::stopAll  Clock: 242051
    1  | Set  midjobIsSet=false   midjobEpilogIsSet=false  totalpage=-1 (siriusphmaintain.cpp:1556)
<<< 1<<< Leave: SiriusPHMaintain::stopAll  Clock: 242051  (siriusphmaintain.cpp:1567)
